Archive member included to satisfy reference by file (symbol)

../../libDaisy//build\libdaisy.a(daisy_seed.o)
                              build/delay-module.o (daisy::DaisySeed::Configure())
../../libDaisy//build\libdaisy.a(codec_ak4556.o)
                              ../../libDaisy//build\libdaisy.a(daisy_seed.o) (daisy::Ak4556::Init(dsy_gpio_pin))
../../libDaisy//build\libdaisy.a(codec_wm8731.o)
                              ../../libDaisy//build\libdaisy.a(daisy_seed.o) (daisy::Wm8731::Init(daisy::Wm8731::Config const&, daisy::I2CHandle))
../../libDaisy//build\libdaisy.a(sdram.o)
                              ../../libDaisy//build\libdaisy.a(daisy_seed.o) (SdramHandle::Init())
../../libDaisy//build\libdaisy.a(audio.o)
                              ../../libDaisy//build\libdaisy.a(daisy_seed.o) (daisy::AudioHandle::Init(daisy::AudioHandle::Config const&, daisy::SaiHandle))
../../libDaisy//build\libdaisy.a(ctrl.o)
                              build/delay-module.o (daisy::AnalogControl::Init(unsigned short*, float, bool, bool, float))
../../libDaisy//build\libdaisy.a(gatein.o)
                              build/delay-module.o (daisy::GateIn::Init(daisy::Pin, bool))
../../libDaisy//build\libdaisy.a(led.o)
                              build/delay-module.o (daisy::Led::Init(dsy_gpio_pin, bool, float))
../../libDaisy//build\libdaisy.a(switch.o)
                              build/delay-module.o (daisy::Switch::Init(dsy_gpio_pin, float))
../../libDaisy//build\libdaisy.a(adc.o)
                              build/delay-module.o (daisy::AdcChannelConfig::InitSingle(dsy_gpio_pin, daisy::AdcChannelConfig::ConversionSpeed))
../../libDaisy//build\libdaisy.a(dac.o)
                              build/delay-module.o (daisy::DacHandle::Init(daisy::DacHandle::Config const&))
../../libDaisy//build\libdaisy.a(gpio.o)
                              ../../libDaisy//build\libdaisy.a(daisy_seed.o) (daisy::GPIO::Init(daisy::Pin, daisy::GPIO::Mode, daisy::GPIO::Pull, daisy::GPIO::Speed))
../../libDaisy//build\libdaisy.a(i2c.o)
                              ../../libDaisy//build\libdaisy.a(daisy_seed.o) (daisy::I2CHandle::Init(daisy::I2CHandle::Config const&))
../../libDaisy//build\libdaisy.a(qspi.o)
                              ../../libDaisy//build\libdaisy.a(daisy_seed.o) (daisy::QSPIHandle::Init(daisy::QSPIHandle::Config const&))
../../libDaisy//build\libdaisy.a(sai.o)
                              ../../libDaisy//build\libdaisy.a(daisy_seed.o) (daisy::SaiHandle::Init(daisy::SaiHandle::Config const&))
../../libDaisy//build\libdaisy.a(spi.o)
                              build/delay-module.o (daisy::SpiHandle::Init(daisy::SpiHandle::Config const&))
../../libDaisy//build\libdaisy.a(system.o)
                              ../../libDaisy//build\libdaisy.a(daisy_seed.o) (daisy::System::DeInit())
../../libDaisy//build\libdaisy.a(system_stm32h7xx.o)
                              build/startup_stm32h750xx.o (SystemInit)
../../libDaisy//build\libdaisy.a(usbd_conf.o)
                              ../../libDaisy//build\libdaisy.a(system.o) (hpcd_USB_OTG_HS)
../../libDaisy//build\libdaisy.a(usbh_conf.o)
                              ../../libDaisy//build\libdaisy.a(system.o) (hhcd_USB_OTG_HS)
../../libDaisy//build\libdaisy.a(hal_map.o)
                              ../../libDaisy//build\libdaisy.a(gpio.o) (dsy_hal_map_get_port)
../../libDaisy//build\libdaisy.a(oled_fonts.o)
                              build/delay-module.o (Font_7x10)
../../libDaisy//build\libdaisy.a(stm32h7xx_hal.o)
                              ../../libDaisy//build\libdaisy.a(system.o) (HAL_Init)
../../libDaisy//build\libdaisy.a(stm32h7xx_hal_adc.o)
                              ../../libDaisy//build\libdaisy.a(adc.o) (HAL_ADC_ConfigChannel)
../../libDaisy//build\libdaisy.a(stm32h7xx_hal_adc_ex.o)
                              ../../libDaisy//build\libdaisy.a(adc.o) (HAL_ADCEx_Calibration_Start)
../../libDaisy//build\libdaisy.a(stm32h7xx_hal_cortex.o)
                              ../../libDaisy//build\libdaisy.a(stm32h7xx_hal.o) (HAL_NVIC_SetPriorityGrouping)
../../libDaisy//build\libdaisy.a(stm32h7xx_hal_dac.o)
                              ../../libDaisy//build\libdaisy.a(dac.o) (HAL_DAC_Init)
../../libDaisy//build\libdaisy.a(stm32h7xx_hal_dac_ex.o)
                              ../../libDaisy//build\libdaisy.a(stm32h7xx_hal_dac.o) (HAL_DACEx_DMAUnderrunCallbackCh2)
../../libDaisy//build\libdaisy.a(stm32h7xx_hal_dma.o)
                              ../../libDaisy//build\libdaisy.a(adc.o) (HAL_DMA_Init)
../../libDaisy//build\libdaisy.a(stm32h7xx_hal_gpio.o)
                              ../../libDaisy//build\libdaisy.a(sdram.o) (HAL_GPIO_Init)
../../libDaisy//build\libdaisy.a(stm32h7xx_hal_hcd.o)
                              ../../libDaisy//build\libdaisy.a(usbh_conf.o) (HAL_HCD_HC_Init)
../../libDaisy//build\libdaisy.a(stm32h7xx_hal_i2c.o)
                              ../../libDaisy//build\libdaisy.a(i2c.o) (HAL_I2C_Init)
[...]
Memory Configuration

Name             Origin             Length             Attributes
FLASH            0x08000000         0x00020000         xr
DTCMRAM          0x20000000         0x00020000         xrw
SRAM             0x24000000         0x00080000         xrw
RAM_D2           0x30000000         0x00048000         xrw
RAM_D3           0x38000000         0x00010000         xrw
BACKUP_SRAM      0x38800000         0x00001000         xrw
ITCMRAM          0x00000000         0x00010000         xrw
SDRAM            0xc0000000         0x04000000         xrw
QSPIFLASH        0x90000000         0x00800000         xr
*default*        0x00000000         0xffffffff

Linker script and memory map

LOAD c:/program files/daisytoolchain/bin/../lib/gcc/arm-none-eabi/10.2.1/thumb/v7e-m+dp/hard/crti.o
LOAD c:/program files/daisytoolchain/bin/../lib/gcc/arm-none-eabi/10.2.1/thumb/v7e-m+dp/hard/crtbegin.o
LOAD c:/program files/daisytoolchain/bin/../lib/gcc/arm-none-eabi/10.2.1/../../../../arm-none-eabi/lib/thumb/v7e-m+dp/hard/crt0.o
LOAD build/startup_stm32h750xx.o
LOAD build/delay-module.o
LOAD ../../libDaisy//build\libdaisy.a
LOAD c:/program files/daisytoolchain/bin/../lib/gcc/arm-none-eabi/10.2.1/../../../../arm-none-eabi/lib/thumb/v7e-m+dp/hard\libnosys.a
LOAD ../../DaisySP//build\libdaisysp.a
LOAD c:/program files/daisytoolchain/bin/../lib/gcc/arm-none-eabi/10.2.1/../../../../arm-none-eabi/lib/thumb/v7e-m+dp/hard\libstdc++_nano.a
LOAD c:/program files/daisytoolchain/bin/../lib/gcc/arm-none-eabi/10.2.1/../../../../arm-none-eabi/lib/thumb/v7e-m+dp/hard\libm.a
LOAD c:/program files/daisytoolchain/bin/../lib/gcc/arm-none-eabi/10.2.1/../../../../arm-none-eabi/lib/thumb/v7e-m+dp/hard\libc_nano.a
START GROUP
LOAD c:/program files/daisytoolchain/bin/../lib/gcc/arm-none-eabi/10.2.1/thumb/v7e-m+dp/hard\libgcc.a
LOAD c:/program files/daisytoolchain/bin/../lib/gcc/arm-none-eabi/10.2.1/../../../../arm-none-eabi/lib/thumb/v7e-m+dp/hard\libc_nano.a
END GROUP
START GROUP
LOAD c:/program files/daisytoolchain/bin/../lib/gcc/arm-none-eabi/10.2.1/thumb/v7e-m+dp/hard\libgcc.a
LOAD c:/program files/daisytoolchain/bin/../lib/gcc/arm-none-eabi/10.2.1/../../../../arm-none-eabi/lib/thumb/v7e-m+dp/hard\libc_nano.a
LOAD c:/program files/daisytoolchain/bin/../lib/gcc/arm-none-eabi/10.2.1/../../../../arm-none-eabi/lib/thumb/v7e-m+dp/hard\libnosys.a
END GROUP
START GROUP
LOAD c:/program files/daisytoolchain/bin/../lib/gcc/arm-none-eabi/10.2.1/thumb/v7e-m+dp/hard\libgcc.a
LOAD c:/program files/daisytoolchain/bin/../lib/gcc/arm-none-eabi/10.2.1/../../../../arm-none-eabi/lib/thumb/v7e-m+dp/hard\libc_nano.a
LOAD c:/program files/daisytoolchain/bin/../lib/gcc/arm-none-eabi/10.2.1/../../../../arm-none-eabi/lib/thumb/v7e-m+dp/hard\libnosys.a
END GROUP
LOAD c:/program files/daisytoolchain/bin/../lib/gcc/arm-none-eabi/10.2.1/thumb/v7e-m+dp/hard/crtend.o
LOAD c:/program files/daisytoolchain/bin/../lib/gcc/arm-none-eabi/10.2.1/thumb/v7e-m+dp/hard/crtn.o
                0x20020000                _estack = 0x20020000

.isr_vector     0x08000000      0x298
                0x08000000                . = ALIGN (0x4)
 *(.isr_vector)
 .isr_vector    0x08000000      0x298 build/startup_stm32h750xx.o
                0x08000000                g_pfnVectors
                0x08000298                . = ALIGN (0x4)

.text           0x080002a0    0x15b24
                0x080002a0                . = ALIGN (0x4)
                0x080002a0                _stext = .
 *(.text)
 .text          0x080002a0       0x40 c:/program files/daisytoolchain/bin/../lib/gcc/arm-none-eabi/10.2.1/thumb/v7e-m+dp/hard/crtbegin.o
 .text          0x080002e0       0xa0 c:/program files/daisytoolchain/bin/../lib/gcc/arm-none-eabi/10.2.1/../../../../arm-none-eabi/lib/thumb/v7e-m+dp/hard\libc_nano.a(lib_a-memchr.o)
                0x080002e0                memchr
 .text          0x08000380      0x378 c:/program files/daisytoolchain/bin/../lib/gcc/arm-none-eabi/10.2.1/thumb/v7e-m+dp/hard\libgcc.a(_arm_addsubdf3.o)
                0x08000380                __aeabi_drsub
                0x08000388                __aeabi_dsub
                0x08000388                __subdf3
                0x0800038c                __aeabi_dadd
                0x0800038c                __adddf3
                0x08000604                __floatunsidf
                0x08000604                __aeabi_ui2d
                0x08000624                __floatsidf
                0x08000624                __aeabi_i2d
                0x08000648                __aeabi_f2d
                0x08000648                __extendsfdf2
                0x0800068c                __floatundidf
                0x0800068c                __aeabi_ul2d
                0x0800069c                __floatdidf
                0x0800069c                __aeabi_l2d
 .text          0x080006f8       0x30 c:/program files/daisytoolchain/bin/../lib/gcc/arm-none-eabi/10.2.1/thumb/v7e-m+dp/hard\libgcc.a(_aeabi_uldivmod.o)
                0x080006f8                __aeabi_uldivmod
 .text          0x08000728      0x2d0 c:/program files/daisytoolchain/bin/../lib/gcc/arm-none-eabi/10.2.1/thumb/v7e-m+dp/hard\libgcc.a(_udivmoddi4.o)
                0x08000728                __udivmoddi4
 .text          0x080009f8        0x4 c:/program files/daisytoolchain/bin/../lib/gcc/arm-none-eabi/10.2.1/thumb/v7e-m+dp/hard\libgcc.a(_dvmd_tls.o)
                0x080009f8                __aeabi_idiv0
                0x080009f8                __aeabi_ldiv0
 *(.text*)
 .text.Default_Handler
                0x080009fc        0x4 build/startup_stm32h750xx.o
                0x080009fc                RTC_Alarm_IRQHandler
                0x080009fc                HASH_RNG_IRQHandler
                0x080009fc                EXTI2_IRQHandler
                0x080009fc                TIM8_CC_IRQHandler
                0x080009fc                HRTIM1_Master_IRQHandler
                0x080009fc                DebugMon_Handler
                0x080009fc                TIM1_CC_IRQHandler
                0x080009fc                BDMA_Channel6_IRQHandler
                0x080009fc                DMA2_Stream5_IRQHandler
                0x080009fc                HRTIM1_FLT_IRQHandler
                0x080009fc                JPEG_IRQHandler
                0x080009fc                BDMA_Channel1_IRQHandler
                0x080009fc                HRTIM1_TIMD_IRQHandler
                0x080009fc                TAMP_STAMP_IRQHandler
                0x080009fc                PendSV_Handler
                0x080009fc                NMI_Handler
                0x080009fc                EXTI3_IRQHandler
                0x080009fc                LPTIM4_IRQHandler
                0x080009fc                TIM8_TRG_COM_TIM14_IRQHandler
                0x080009fc                LPTIM2_IRQHandler
                0x080009fc                DFSDM1_FLT1_IRQHandler
                0x080009fc                DMAMUX2_OVR_IRQHandler
                0x080009fc                TIM8_UP_TIM13_IRQHandler
                0x080009fc                I2C3_ER_IRQHandler
                0x080009fc                DFSDM1_FLT2_IRQHandler
                0x080009fc                MDMA_IRQHandler
                0x080009fc                LPTIM3_IRQHandler
                0x080009fc                HSEM1_IRQHandler
                0x080009fc                EXTI0_IRQHandler
                0x080009fc                FPU_IRQHandler
                0x080009fc                OTG_HS_WKUP_IRQHandler
                0x080009fc                FDCAN1_IT1_IRQHandler
                0x080009fc                UsageFault_Handler
                0x080009fc                LTDC_ER_IRQHandler
                0x080009fc                HRTIM1_TIME_IRQHandler
                0x080009fc                DCMI_IRQHandler
                0x080009fc                HRTIM1_TIMC_IRQHandler
                0x080009fc                SAI2_IRQHandler
                0x080009fc                DFSDM1_FLT3_IRQHandler
                0x080009fc                TIM17_IRQHandler
                0x080009fc                CRYP_IRQHandler
                0x080009fc                BDMA_Channel7_IRQHandler
                0x080009fc                LPTIM5_IRQHandler
                0x080009fc                ADC3_IRQHandler
                0x080009fc                BDMA_Channel2_IRQHandler
                0x080009fc                DMAMUX1_OVR_IRQHandler
                0x080009fc                TIM16_IRQHandler
                0x080009fc                BDMA_Channel5_IRQHandler
                0x080009fc                RCC_IRQHandler
                0x080009fc                TIM8_BRK_TIM12_IRQHandler
                0x080009fc                TIM1_TRG_COM_IRQHandler
                0x080009fc                Default_Handler
                0x080009fc                ECC_IRQHandler
                0x080009fc                CEC_IRQHandler
                0x080009fc                EXTI15_10_IRQHandler
                0x080009fc                BDMA_Channel0_IRQHandler
                0x080009fc                ADC_IRQHandler
                0x080009fc                DMA1_Stream7_IRQHandler
                0x080009fc                HRTIM1_TIMA_IRQHandler
                0x080009fc                TIM7_IRQHandler
                0x080009fc                SDMMC1_IRQHandler
                0x080009fc                DMA2_Stream7_IRQHandler
                0x080009fc                TIM15_IRQHandler
                0x080009fc                PVD_AVD_IRQHandler
                0x080009fc                EXTI9_5_IRQHandler
                0x080009fc                RTC_WKUP_IRQHandler
                0x080009fc                LTDC_IRQHandler
                0x080009fc                SAI3_IRQHandler
                0x080009fc                ETH_WKUP_IRQHandler
                0x080009fc                SPDIF_RX_IRQHandler
                0x080009fc                MemManage_Handler
                0x080009fc                SVC_Handler
                0x080009fc                CRS_IRQHandler
                0x080009fc                EXTI4_IRQHandler
                0x080009fc                HRTIM1_TIMB_IRQHandler
                0x080009fc                FDCAN2_IT1_IRQHandler
                0x080009fc                ETH_IRQHandler
                0x080009fc                TIM1_UP_IRQHandler
                0x080009fc                BDMA_Channel4_IRQHandler
                0x080009fc                WWDG_IRQHandler
                0x080009fc                SPI6_IRQHandler
                0x080009fc                I2C4_EV_IRQHandler
                0x080009fc                MDIOS_IRQHandler
                0x080009fc                FDCAN2_IT0_IRQHandler
                0x080009fc                FDCAN1_IT0_IRQHandler
                0x080009fc                OTG_FS_WKUP_IRQHandler
                0x080009fc                DMA2D_IRQHandler
                0x080009fc                TIM1_BRK_IRQHandler
                0x080009fc                EXTI1_IRQHandler
                0x080009fc                SDMMC2_IRQHandler
                0x080009fc                OTG_FS_EP1_OUT_IRQHandler
                0x080009fc                BDMA_Channel3_IRQHandler
                0x080009fc                MDIOS_WKUP_IRQHandler
                0x080009fc                DFSDM1_FLT0_IRQHandler
                0x080009fc                SAI4_IRQHandler
                0x080009fc                I2C2_ER_IRQHandler
                0x080009fc                FLASH_IRQHandler
                0x080009fc                BusFault_Handler
                0x080009fc                OTG_FS_IRQHandler
                0x080009fc                WAKEUP_PIN_IRQHandler
                0x080009fc                OTG_FS_EP1_IN_IRQHandler
                0x080009fc                I2C1_ER_IRQHandler
                0x080009fc                FMC_IRQHandler
                0x080009fc                FDCAN_CAL_IRQHandler
                0x080009fc                SWPMI1_IRQHandler
                0x080009fc                COMP1_IRQHandler
                0x080009fc                LPTIM1_IRQHandler
                0x080009fc                I2C4_ER_IRQHandler
                0x080009fc                DMA2_Stream6_IRQHandler
                0x080009fc                SAI1_IRQHandler
 .text.Reset_Handler
                0x08000a00       0x44 build/startup_stm32h750xx.o
                0x08000a00                Reset_Handler
 .text._ZN5daisy6SwitchD2Ev
                0x08000a44        0x4 build/delay-module.o
                0x08000a44                daisy::Switch::~Switch()
                0x08000a44                daisy::Switch::~Switch()
 .text._ZN5daisy13AnalogControlD2Ev
                0x08000a48        0x4 build/delay-module.o
                0x08000a48                daisy::AnalogControl::~AnalogControl()
                0x08000a48                daisy::AnalogControl::~AnalogControl()
 .text._ZN5daisy6GateInD2Ev
                0x08000a4c        0x4 build/delay-module.o
                0x08000a4c                daisy::GateIn::~GateIn()
                0x08000a4c                daisy::GateIn::~GateIn()
 .text._ZN5daisy3LedD2Ev
                0x08000a50        0x4 build/delay-module.o
                0x08000a50                daisy::Led::~Led()
                0x08000a50                daisy::Led::~Led()
 .text._ZN5daisy9DaisySeedD2Ev
                0x08000a54        0x4 build/delay-module.o
                0x08000a54                daisy::DaisySeed::~DaisySeed()
                0x08000a54                daisy::DaisySeed::~DaisySeed()
 .text._ZN7daisysp9CrossFadeD2Ev
                0x08000a58        0x4 build/delay-module.o
                0x08000a58                daisysp::CrossFade::~CrossFade()
                0x08000a58                daisysp::CrossFade::~CrossFade()
 .text._ZN5daisy11OledDisplayINS_13SSD130xDriverILj128ELj64ENS_24SSD130x4WireSpiTransportEEEE4FillEb
                0x08000a5c       0x10 build/delay-module.o
                0x08000a5c                daisy::OledDisplay<daisy::SSD130xDriver<128u, 64u, daisy::SSD130x4WireSpiTransport> >::Fill(bool)
 .text._ZN5daisy11OledDisplayINS_13SSD130xDriverILj128ELj64ENS_24SSD130x4WireSpiTransportEEEED2Ev
                0x08000a6c        0x4 build/delay-module.o
                0x08000a6c                daisy::OledDisplay<daisy::SSD130xDriver<128u, 64u, daisy::SSD130x4WireSpiTransport> >::~OledDisplay()
                0x08000a6c                daisy::OledDisplay<daisy::SSD130xDriver<128u, 64u, daisy::SSD130x4WireSpiTransport> >::~OledDisplay()
 .text._ZNK5daisy11OledDisplayINS_13SSD130xDriverILj128ELj64ENS_24SSD130x4WireSpiTransportEEEE6HeightEv
                0x08000a70        0x4 build/delay-module.o
                0x08000a70                daisy::OledDisplay<daisy::SSD130xDriver<128u, 64u, daisy::SSD130x4WireSpiTransport> >::Height() const
 .text._ZNK5daisy11OledDisplayINS_13SSD130xDriverILj128ELj64ENS_24SSD130x4WireSpiTransportEEEE5WidthEv
                0x08000a74        0x4 build/delay-module.o
                0x08000a74                daisy::OledDisplay<daisy::SSD130xDriver<128u, 64u, daisy::SSD130x4WireSpiTransport> >::Width() const
 .text._ZN7daisysp9DelayLineIfLj384000EED2Ev
                0x08000a78        0x4 build/delay-module.o
                0x08000a78                daisysp::DelayLine<float, 384000u>::~DelayLine()
                0x08000a78                daisysp::DelayLine<float, 384000u>::~DelayLine()
 .text._ZN5daisy11OledDisplayINS_13SSD130xDriverILj128ELj64ENS_24SSD130x4WireSpiTransportEEEED0Ev
                0x08000a7c       0x10 build/delay-module.o
                0x08000a7c                daisy::OledDisplay<daisy::SSD130xDriver<128u, 64u, daisy::SSD130x4WireSpiTransport> >::~OledDisplay()
 .text._ZL13AudioCallbackPKfPfj
                0x08000a8c      0x27c build/delay-module.o
 .text._ZN5daisy11OledDisplayINS_13SSD130xDriverILj128ELj64ENS_24SSD130x4WireSpiTransportEEEE6UpdateEv
                0x08000d08       0x8c build/delay-module.o
                0x08000d08                daisy::OledDisplay<daisy::SSD130xDriver<128u, 64u, daisy::SSD130x4WireSpiTransport> >::Update()
 .text._ZN5daisy25OneBitGraphicsDisplayImplINS_11OledDisplayINS_13SSD130xDriverILj128ELj64ENS_24SSD130x4WireSpiTransportEEEEEE9WriteCharEc7FontDefb
                0x08000d94      0x1a0 build/delay-module.o
                0x08000d94                daisy::OneBitGraphicsDisplayImpl<daisy::OledDisplay<daisy::SSD130xDriver<128u, 64u, daisy::SSD130x4WireSpiTransport> > >::WriteChar(char, FontDef, bool)
 .text._ZN5daisy11OledDisplayINS_13SSD130xDriverILj128ELj64ENS_24SSD130x4WireSpiTransportEEEE9DrawPixelEjjb
                0x08000f34       0x44 build/delay-module.o
                0x08000f34                daisy::OledDisplay<daisy::SSD130xDriver<128u, 64u, daisy::SSD130x4WireSpiTransport> >::DrawPixel(unsigned int, unsigned int, bool)
 .text._ZN5daisy25OneBitGraphicsDisplayImplINS_11OledDisplayINS_13SSD130xDriverILj128ELj64ENS_24SSD130x4WireSpiTransportEEEEEE8DrawLineEjjjjb
                0x08000f78       0xfc build/delay-module.o
                0x08000f78                daisy::OneBitGraphicsDisplayImpl<daisy::OledDisplay<daisy::SSD130xDriver<128u, 64u, daisy::SSD130x4WireSpiTransport> > >::DrawLine(unsigned int, unsigned int, unsigned int, unsigned int, bool)
 *fill*         0x08001074        0x4 
 .text._ZN5daisy25OneBitGraphicsDisplayImplINS_11OledDisplayINS_13SSD130xDriverILj128ELj64ENS_24SSD130x4WireSpiTransportEEEEEE7DrawArcEjjjiib
                0x08001078      0x478 build/delay-module.o
                0x08001078                daisy::OneBitGraphicsDisplayImpl<daisy::OledDisplay<daisy::SSD130xDriver<128u, 64u, daisy::SSD130x4WireSpiTransport> > >::DrawArc(unsigned int, unsigned int, unsigned int, int, int, bool)
 .text._ZN5daisy25OneBitGraphicsDisplayImplINS_11OledDisplayINS_13SSD130xDriverILj128ELj64ENS_24SSD130x4WireSpiTransportEEEEEE11WriteStringEPKc7FontDefb
                0x080014f0      0x1c0 build/delay-module.o
                0x080014f0                daisy::OneBitGraphicsDisplayImpl<daisy::OledDisplay<daisy::SSD130xDriver<128u, 64u, daisy::SSD130x4WireSpiTransport> > >::WriteString(char const*, FontDef, bool)
 .text._ZL13UpdateDisplayv
                0x080016b0      0x5e8 build/delay-module.o
 .text._ZN5daisy25OneBitGraphicsDisplayImplINS_11OledDisplayINS_13SSD130xDriverILj128ELj64ENS_24SSD130x4WireSpiTransportEEEEEE18WriteStringAlignedEPKcRK7FontDefNS_9RectangleENS_9AlignmentEb
                0x08001c98      0x3f0 build/delay-module.o
                0x08001c98                daisy::OneBitGraphicsDisplayImpl<daisy::OledDisplay<daisy::SSD130xDriver<128u, 64u, daisy::SSD130x4WireSpiTransport> > >::WriteStringAligned(char const*, FontDef const&, daisy::Rectangle, daisy::Alignment, bool)
 .text._ZN5daisy25OneBitGraphicsDisplayImplINS_11OledDisplayINS_13SSD130xDriverILj128ELj64ENS_24SSD130x4WireSpiTransportEEEEEE8DrawRectEjjjjbb
                0x08002088      0x418 build/delay-module.o
                0x08002088                daisy::OneBitGraphicsDisplayImpl<daisy::OledDisplay<daisy::SSD130xDriver<128u, 64u, daisy::SSD130x4WireSpiTransport> > >::DrawRect(unsigned int, unsigned int, unsigned int, unsigned int, bool, bool)
 .text._ZN5daisy13SSD130xDriverILj128ELj64ENS_24SSD130x4WireSpiTransportEE4InitENS2_6ConfigE
                0x080024a0      0x2ec build/delay-module.o
                0x080024a0                daisy::SSD130xDriver<128u, 64u, daisy::SSD130x4WireSpiTransport>::Init(daisy::SSD130xDriver<128u, 64u, daisy::SSD130x4WireSpiTransport>::Config)
 .text.startup.main
                0x0800278c      0x4c8 build/delay-module.o
                0x0800278c                main
 .text.startup._GLOBAL__sub_I_clock_state
                0x08002c54      0x144 build/delay-module.o
 .text._ZN5daisy9DaisySeed9ConfigureEv
                0x08002d98        0x4 ../../libDaisy//build\libdaisy.a(daisy_seed.o)
                0x08002d98                daisy::DaisySeed::Configure()
 .text._ZN5daisy9DaisySeed6GetPinEh
                0x08002d9c       0x2c ../../libDaisy//build\libdaisy.a(daisy_seed.o)
                0x08002d9c                daisy::DaisySeed::GetPin(unsigned char)
 .text._ZN5daisy9DaisySeed10StartAudioEPFvPKfPfjE
                0x08002dc8        0x8 ../../libDaisy//build\libdaisy.a(daisy_seed.o)
                0x08002dc8                daisy::DaisySeed::StartAudio(void (*)(float const*, float*, unsigned int))
 .text._ZN5daisy9DaisySeed18SetAudioSampleRateENS_9SaiHandle6Config10SampleRateE
                0x08002dd0       0x38 ../../libDaisy//build\libdaisy.a(daisy_seed.o)
                0x08002dd0                daisy::DaisySeed::SetAudioSampleRate(daisy::SaiHandle::Config::SampleRate)
 .text._ZN5daisy9DaisySeed15AudioSampleRateEv
                0x08002e08        0x8 ../../libDaisy//build\libdaisy.a(daisy_seed.o)
                0x08002e08                daisy::DaisySeed::AudioSampleRate()
 .text._ZN5daisy9DaisySeed17SetAudioBlockSizeEj
                0x08002e10       0x38 ../../libDaisy//build\libdaisy.a(daisy_seed.o)
                0x08002e10                daisy::DaisySeed::SetAudioBlockSize(unsigned int)
 .text._ZN5daisy9DaisySeed17CheckBoardVersionEv
                0x08002e48       0x6c ../../libDaisy//build\libdaisy.a(daisy_seed.o)
                0x08002e48                daisy::DaisySeed::CheckBoardVersion()
 .text._ZN5daisy9DaisySeed14ConfigureAudioEv
                0x08002eb4      0x10c ../../libDaisy//build\libdaisy.a(daisy_seed.o)
                0x08002eb4                daisy::DaisySeed::ConfigureAudio()
 .text._ZN5daisy9DaisySeed4InitEb
                0x08002fc0      0x108 ../../libDaisy//build\libdaisy.a(daisy_seed.o)
                0x08002fc0                daisy::DaisySeed::Init(bool)
 .text._ZN5daisy6Ak45564InitE12dsy_gpio_pin
                0x080030c8       0x44 ../../libDaisy//build\libdaisy.a(codec_ak4556.o)
                0x080030c8                daisy::Ak4556::Init(dsy_gpio_pin)
 .text._ZN5daisy6Wm873120WriteControlRegisterEht
                0x0800310c       0x3c ../../libDaisy//build\libdaisy.a(codec_wm8731.o)
                0x0800310c                daisy::Wm8731::WriteControlRegister(unsigned char, unsigned short)
 .text._ZN5daisy6Wm87314InitERKNS0_6ConfigENS_9I2CHandleE
                0x08003148      0x1bc ../../libDaisy//build\libdaisy.a(codec_wm8731.o)
                0x08003148                daisy::Wm8731::Init(daisy::Wm8731::Config const&, daisy::I2CHandle)
 .text._ZN11SdramHandle10DeviceInitEv
                0x08003304       0x98 ../../libDaisy//build\libdaisy.a(sdram.o)
                0x08003304                SdramHandle::DeviceInit()
 .text._ZN11SdramHandle4InitEv
                0x0800339c       0x7c ../../libDaisy//build\libdaisy.a(sdram.o)
                0x0800339c                SdramHandle::Init()
 .text.HAL_SDRAM_MspInit
                0x08003418      0x1a8 ../../libDaisy//build\libdaisy.a(sdram.o)
                0x08003418                HAL_SDRAM_MspInit
 .text._ZN5daisy11AudioHandle4Impl16InternalCallbackEPlS2_j
                0x080035c0      0xbbc ../../libDaisy//build\libdaisy.a(audio.o)
                0x080035c0                daisy::AudioHandle::Impl::InternalCallback(long*, long*, unsigned int)
 .text._ZN5daisy11AudioHandle4InitERKNS0_6ConfigENS_9SaiHandleE
                0x0800417c       0x70 ../../libDaisy//build\libdaisy.a(audio.o)
                0x0800417c                daisy::AudioHandle::Init(daisy::AudioHandle::Config const&, daisy::SaiHandle)
 .text._ZNK5daisy11AudioHandle9GetConfigEv
                0x080041ec        0x8 ../../libDaisy//build\libdaisy.a(audio.o)
                0x080041ec                daisy::AudioHandle::GetConfig() const
 .text._ZN5daisy11AudioHandle12SetBlockSizeEj
                0x080041f4       0x1c ../../libDaisy//build\libdaisy.a(audio.o)
                0x080041f4                daisy::AudioHandle::SetBlockSize(unsigned int)
 .text._ZN5daisy11AudioHandle13GetSampleRateEv
                0x08004210        0x8 ../../libDaisy//build\libdaisy.a(audio.o)
                0x08004210                daisy::AudioHandle::GetSampleRate()
 .text._ZN5daisy11AudioHandle13SetSampleRateENS_9SaiHandle6Config10SampleRateE
                0x08004218       0x88 ../../libDaisy//build\libdaisy.a(audio.o)
                0x08004218                daisy::AudioHandle::SetSampleRate(daisy::SaiHandle::Config::SampleRate)
 .text._ZN5daisy11AudioHandle5StartEPFvPKfPfjE
                0x080042a0       0x2c ../../libDaisy//build\libdaisy.a(audio.o)
                0x080042a0                daisy::AudioHandle::Start(void (*)(float const*, float*, unsigned int))
 .text.startup._GLOBAL__sub_I__ZN5daisy11AudioHandle4Impl4InitENS0_6ConfigENS_9SaiHandleE
                0x080042cc       0x24 ../../libDaisy//build\libdaisy.a(audio.o)
 .text._ZN5daisy13AnalogControl4InitEPtfbbf
                0x080042f0       0x64 ../../libDaisy//build\libdaisy.a(ctrl.o)
                0x080042f0                daisy::AnalogControl::Init(unsigned short*, float, bool, bool, float)
 .text._ZN5daisy13AnalogControl7ProcessEv
                0x08004354       0x48 ../../libDaisy//build\libdaisy.a(ctrl.o)
                0x08004354                daisy::AnalogControl::Process()
 .text._ZN5daisy6GateIn4InitENS_3PinEb
                0x0800439c       0x24 ../../libDaisy//build\libdaisy.a(gatein.o)
                0x0800439c                daisy::GateIn::Init(daisy::Pin, bool)
 .text._ZN5daisy3Led4InitE12dsy_gpio_pinbf
                0x080043c0       0x48 ../../libDaisy//build\libdaisy.a(led.o)
                0x080043c0                daisy::Led::Init(dsy_gpio_pin, bool, float)
 .text._ZN5daisy3Led3SetEf
                0x08004408       0x24 ../../libDaisy//build\libdaisy.a(led.o)
                0x08004408                daisy::Led::Set(float)
 .text._ZN5daisy3Led6UpdateEv
                0x0800442c       0x48 ../../libDaisy//build\libdaisy.a(led.o)
                0x0800442c                daisy::Led::Update()
 .text._ZN5daisy6Switch4InitE12dsy_gpio_pinf
                0x08004474       0x34 ../../libDaisy//build\libdaisy.a(switch.o)
                0x08004474                daisy::Switch::Init(dsy_gpio_pin, float)
 .text._ZN5daisy6Switch8DebounceEv
                0x080044a8       0x5c ../../libDaisy//build\libdaisy.a(switch.o)
                0x080044a8                daisy::Switch::Debounce()
 .text._ZN5daisy16AdcChannelConfig10InitSingleE12dsy_gpio_pinNS0_15ConversionSpeedE
                0x08004504       0x28 ../../libDaisy//build\libdaisy.a(adc.o)
                0x08004504                daisy::AdcChannelConfig::InitSingle(dsy_gpio_pin, daisy::AdcChannelConfig::ConversionSpeed)
 .text._ZN5daisy9AdcHandle4InitEPNS_16AdcChannelConfigEjNS0_12OverSamplingE
                0x0800452c      0x41c ../../libDaisy//build\libdaisy.a(adc.o)
                0x0800452c                daisy::AdcHandle::Init(daisy::AdcChannelConfig*, unsigned int, daisy::AdcHandle::OverSampling)
 .text._ZN5daisy9AdcHandle5StartEv
                0x08004948       0x2c ../../libDaisy//build\libdaisy.a(adc.o)
                0x08004948                daisy::AdcHandle::Start()
 .text._ZNK5daisy9AdcHandle6GetPtrEh
                0x08004974       0x14 ../../libDaisy//build\libdaisy.a(adc.o)
                0x08004974                daisy::AdcHandle::GetPtr(unsigned char) const
 .text.HAL_ADC_MspInit
                0x08004988       0x98 ../../libDaisy//build\libdaisy.a(adc.o)
                0x08004988                HAL_ADC_MspInit
 .text.DMA1_Stream2_IRQHandler
                0x08004a20        0xc ../../libDaisy//build\libdaisy.a(adc.o)
                0x08004a20                DMA1_Stream2_IRQHandler
 .text.HAL_ADC_ConvCpltCallback
                0x08004a2c      0x148 ../../libDaisy//build\libdaisy.a(adc.o)
                0x08004a2c                HAL_ADC_ConvCpltCallback
 .text.HAL_ADC_ErrorCallback
                0x08004b74        0x4 ../../libDaisy//build\libdaisy.a(adc.o)
                0x08004b74                HAL_ADC_ErrorCallback
 .text.HAL_DAC_MspInit
                0x08004b78      0x15c ../../libDaisy//build\libdaisy.a(dac.o)
                0x08004b78                HAL_DAC_MspInit
 .text.DMA2_Stream0_IRQHandler
                0x08004cd4        0xc ../../libDaisy//build\libdaisy.a(dac.o)
                0x08004cd4                DMA2_Stream0_IRQHandler
 .text.DMA2_Stream1_IRQHandler
                0x08004ce0        0xc ../../libDaisy//build\libdaisy.a(dac.o)
                0x08004ce0                DMA2_Stream1_IRQHandler
 .text.TIM6_DAC_IRQHandler
                0x08004cec       0x1c ../../libDaisy//build\libdaisy.a(dac.o)
                0x08004cec                TIM6_DAC_IRQHandler
 .text._ZN5daisy9DacHandle4InitERKNS0_6ConfigE
                0x08004d08       0xfc ../../libDaisy//build\libdaisy.a(dac.o)
                0x08004d08                daisy::DacHandle::Init(daisy::DacHandle::Config const&)
 .text._ZN5daisy9DacHandle10WriteValueENS0_7ChannelEt
                0x08004e04       0x70 ../../libDaisy//build\libdaisy.a(dac.o)
                0x08004e04                daisy::DacHandle::WriteValue(daisy::DacHandle::Channel, unsigned short)
 .text._ZN5daisy4GPIO4InitENS_3PinENS0_4ModeENS0_4PullENS0_5SpeedE
                0x08004e74      0x1cc ../../libDaisy//build\libdaisy.a(gpio.o)
                0x08004e74                daisy::GPIO::Init(daisy::Pin, daisy::GPIO::Mode, daisy::GPIO::Pull, daisy::GPIO::Speed)
 .text._ZN5daisy4GPIO4ReadEv
                0x08005040       0x18 ../../libDaisy//build\libdaisy.a(gpio.o)
                0x08005040                daisy::GPIO::Read()
 .text._ZN5daisy4GPIO5WriteEb
                0x08005058       0x14 ../../libDaisy//build\libdaisy.a(gpio.o)
                0x08005058                daisy::GPIO::Write(bool)
 .text.dsy_gpio_init
                0x0800506c      0x1b8 ../../libDaisy//build\libdaisy.a(gpio.o)
                0x0800506c                dsy_gpio_init
 .text.dsy_gpio_read
                0x08005224       0x1c ../../libDaisy//build\libdaisy.a(gpio.o)
                0x08005224                dsy_gpio_read
 .text.dsy_gpio_write
                0x08005240       0x24 ../../libDaisy//build\libdaisy.a(gpio.o)
                0x08005240                dsy_gpio_write
 .text._ZN5daisy9I2CHandle4Impl8InitPinsEv
                0x08005264       0x58 ../../libDaisy//build\libdaisy.a(i2c.o)
                0x08005264                daisy::I2CHandle::Impl::InitPins()
 .text.HAL_I2C_MspInit
                0x080052bc      0x1b4 ../../libDaisy//build\libdaisy.a(i2c.o)
                0x080052bc                HAL_I2C_MspInit
 .text.dsy_i2c_global_init
                0x08005470       0x78 ../../libDaisy//build\libdaisy.a(i2c.o)
                0x08005470                dsy_i2c_global_init
 .text.DMA1_Stream6_IRQHandler
                0x080054e8       0x34 ../../libDaisy//build\libdaisy.a(i2c.o)
                0x080054e8                DMA1_Stream6_IRQHandler
 .text.I2C1_EV_IRQHandler
                0x0800551c        0xc ../../libDaisy//build\libdaisy.a(i2c.o)
                0x0800551c                I2C1_EV_IRQHandler
 .text.I2C2_EV_IRQHandler
                0x08005528        0xc ../../libDaisy//build\libdaisy.a(i2c.o)
                0x08005528                I2C2_EV_IRQHandler
 .text.I2C3_EV_IRQHandler
                0x08005534        0xc ../../libDaisy//build\libdaisy.a(i2c.o)
                0x08005534                I2C3_EV_IRQHandler
 .text._ZN5daisy9I2CHandle4InitERKNS0_6ConfigE
                0x08005540      0x12c ../../libDaisy//build\libdaisy.a(i2c.o)
                0x08005540                daisy::I2CHandle::Init(daisy::I2CHandle::Config const&)
 .text._ZN5daisy9I2CHandle16TransmitBlockingEtPhtm
                0x0800566c       0x50 ../../libDaisy//build\libdaisy.a(i2c.o)
                0x0800566c                daisy::I2CHandle::TransmitBlocking(unsigned short, unsigned char*, unsigned short, unsigned long)
 .text.startup._GLOBAL__sub_I__ZN5daisy9I2CHandle4Impl10GlobalInitEv
                0x080056bc       0x18 ../../libDaisy//build\libdaisy.a(i2c.o)
 .text._ZN5daisy10QSPIHandle4Impl11WriteEnableEv
                0x080056d4       0x8c ../../libDaisy//build\libdaisy.a(qspi.o)
                0x080056d4                daisy::QSPIHandle::Impl::WriteEnable()
 .text._ZN5daisy10QSPIHandle4Impl17DummyCyclesConfigENS0_6Config6DeviceE
                0x08005760      0x118 ../../libDaisy//build\libdaisy.a(qspi.o)
                0x08005760                daisy::QSPIHandle::Impl::DummyCyclesConfig(daisy::QSPIHandle::Config::Device)
 .text._ZN5daisy10QSPIHandle4Impl10QuadEnableEv
                0x08005878      0x158 ../../libDaisy//build\libdaisy.a(qspi.o)
                0x08005878                daisy::QSPIHandle::Impl::QuadEnable()
 .text._ZN5daisy10QSPIHandle4InitERKNS0_6ConfigE
                0x080059d0      0x198 ../../libDaisy//build\libdaisy.a(qspi.o)
                0x080059d0                daisy::QSPIHandle::Init(daisy::QSPIHandle::Config const&)
 .text.HAL_QSPI_MspInit
                0x08005b68      0x11c ../../libDaisy//build\libdaisy.a(qspi.o)
                0x08005b68                HAL_QSPI_MspInit
 .text.HAL_QSPI_MspDeInit
                0x08005c84       0x54 ../../libDaisy//build\libdaisy.a(qspi.o)
                0x08005c84                HAL_QSPI_MspDeInit
 .text.QUADSPI_IRQHandler
                0x08005cd8        0xc ../../libDaisy//build\libdaisy.a(qspi.o)
                0x08005cd8                QUADSPI_IRQHandler
 .text.startup._GLOBAL__sub_I__ZN5daisy10QSPIHandle4Impl4InitERKNS0_6ConfigE
                0x08005ce4       0x28 ../../libDaisy//build\libdaisy.a(qspi.o)
 .text._ZN5daisy9SaiHandle4Impl7InitDmaENS1_15PeripheralBlockE
                0x08005d0c       0xa0 ../../libDaisy//build\libdaisy.a(sai.o)
                0x08005d0c                daisy::SaiHandle::Impl::InitDma(daisy::SaiHandle::Impl::PeripheralBlock)
 .text._ZN5daisy9SaiHandle4Impl8InitPinsEv
                0x08005dac       0xa8 ../../libDaisy//build\libdaisy.a(sai.o)
                0x08005dac                daisy::SaiHandle::Impl::InitPins()
 .text.HAL_SAI_MspInit
                0x08005e54      0x164 ../../libDaisy//build\libdaisy.a(sai.o)
                0x08005e54                HAL_SAI_MspInit
 .text.DMA1_Stream0_IRQHandler
                0x08005fb8        0xc ../../libDaisy//build\libdaisy.a(sai.o)
                0x08005fb8                DMA1_Stream0_IRQHandler
 .text.DMA1_Stream1_IRQHandler
                0x08005fc4        0xc ../../libDaisy//build\libdaisy.a(sai.o)
                0x08005fc4                DMA1_Stream1_IRQHandler
 .text.DMA1_Stream3_IRQHandler
                0x08005fd0        0xc ../../libDaisy//build\libdaisy.a(sai.o)
                0x08005fd0                DMA1_Stream3_IRQHandler
 .text.DMA1_Stream4_IRQHandler
                0x08005fdc        0xc ../../libDaisy//build\libdaisy.a(sai.o)
                0x08005fdc                DMA1_Stream4_IRQHandler
 .text.HAL_SAI_RxHalfCpltCallback
                0x08005fe8       0x78 ../../libDaisy//build\libdaisy.a(sai.o)
                0x08005fe8                HAL_SAI_RxHalfCpltCallback
 .text.HAL_SAI_RxCpltCallback
                0x08006060       0x70 ../../libDaisy//build\libdaisy.a(sai.o)
                0x08006060                HAL_SAI_RxCpltCallback
 .text._ZN5daisy9SaiHandle4InitERKNS0_6ConfigE
                0x080060d0      0x1f0 ../../libDaisy//build\libdaisy.a(sai.o)
                0x080060d0                daisy::SaiHandle::Init(daisy::SaiHandle::Config const&)
 .text._ZNK5daisy9SaiHandle9GetConfigEv
                0x080062c0        0x4 ../../libDaisy//build\libdaisy.a(sai.o)
                0x080062c0                daisy::SaiHandle::GetConfig() const
 .text._ZN5daisy9SaiHandle8StartDmaEPlS1_jPFvS1_S1_jE
                0x080062c4       0xbc ../../libDaisy//build\libdaisy.a(sai.o)
                0x080062c4                daisy::SaiHandle::StartDma(long*, long*, unsigned int, void (*)(long*, long*, unsigned int))
 .text._ZN5daisy9SaiHandle13GetSampleRateEv
                0x08006380       0x24 ../../libDaisy//build\libdaisy.a(sai.o)
                0x08006380                daisy::SaiHandle::GetSampleRate()
 .text._ZNK5daisy9SaiHandle9GetOffsetEv
                0x080063a4        0x8 ../../libDaisy//build\libdaisy.a(sai.o)
                0x080063a4                daisy::SaiHandle::GetOffset() const
 .text._ZN5daisy9SpiHandle4Impl7InitDmaEv
                0x080063ac       0xec ../../libDaisy//build\libdaisy.a(spi.o)
                0x080063ac                daisy::SpiHandle::Impl::InitDma()
 .text._ZN5daisy9SpiHandle4Impl10StartDmaTxEPhjPFvPvEPFvS3_NS0_6ResultEES3_
                0x08006498       0xc8 ../../libDaisy//build\libdaisy.a(spi.o)
                0x08006498                daisy::SpiHandle::Impl::StartDmaTx(unsigned char*, unsigned int, void (*)(void*), void (*)(void*, daisy::SpiHandle::Result), void*)
 .text._ZN5daisy9SpiHandle4Impl10StartDmaRxEPhjPFvPvEPFvS3_NS0_6ResultEES3_
                0x08006560       0xc8 ../../libDaisy//build\libdaisy.a(spi.o)
                0x08006560                daisy::SpiHandle::Impl::StartDmaRx(unsigned char*, unsigned int, void (*)(void*), void (*)(void*, daisy::SpiHandle::Result), void*)
 .text._ZN5daisy9SpiHandle4Impl12StartDmaRxTxEPhS2_jPFvPvEPFvS3_NS0_6ResultEES3_
                0x08006628       0xcc ../../libDaisy//build\libdaisy.a(spi.o)
                0x08006628                daisy::SpiHandle::Impl::StartDmaRxTx(unsigned char*, unsigned char*, unsigned int, void (*)(void*), void (*)(void*, daisy::SpiHandle::Result), void*)
 .text._ZN5daisy9SpiHandle4Impl8InitPinsEv
                0x080066f4      0x274 ../../libDaisy//build\libdaisy.a(spi.o)
                0x080066f4                daisy::SpiHandle::Impl::InitPins()
 .text.HAL_SPI_MspInit
                0x08006968      0x1a8 ../../libDaisy//build\libdaisy.a(spi.o)
                0x08006968                HAL_SPI_MspInit
 .text.dsy_spi_global_init
                0x08006b10       0x80 ../../libDaisy//build\libdaisy.a(spi.o)
                0x08006b10                dsy_spi_global_init
 .text.SPI1_IRQHandler
                0x08006b90        0xc ../../libDaisy//build\libdaisy.a(spi.o)
                0x08006b90                SPI1_IRQHandler
 .text.SPI2_IRQHandler
                0x08006b9c        0xc ../../libDaisy//build\libdaisy.a(spi.o)
                0x08006b9c                SPI2_IRQHandler
 .text.SPI3_IRQHandler
                0x08006ba8        0xc ../../libDaisy//build\libdaisy.a(spi.o)
                0x08006ba8                SPI3_IRQHandler
 .text.SPI4_IRQHandler
                0x08006bb4        0xc ../../libDaisy//build\libdaisy.a(spi.o)
                0x08006bb4                SPI4_IRQHandler
 .text.SPI5_IRQHandler
                0x08006bc0        0xc ../../libDaisy//build\libdaisy.a(spi.o)
                0x08006bc0                SPI5_IRQHandler
 .text.DMA2_Stream2_IRQHandler
                0x08006bcc       0x34 ../../libDaisy//build\libdaisy.a(spi.o)
                0x08006bcc                DMA2_Stream2_IRQHandler
 .text.DMA2_Stream3_IRQHandler
                0x08006c00       0x38 ../../libDaisy//build\libdaisy.a(spi.o)
                0x08006c00                DMA2_Stream3_IRQHandler
 .text.HAL_SPI_TxCpltCallback
                0x08006c38       0xc4 ../../libDaisy//build\libdaisy.a(spi.o)
                0x08006c38                HAL_SPI_TxCpltCallback
 .text.HAL_SPI_RxCpltCallback
                0x08006cfc       0xc4 ../../libDaisy//build\libdaisy.a(spi.o)
                0x08006cfc                HAL_SPI_RxCpltCallback
 .text.HAL_SPI_TxRxCpltCallback
                0x08006dc0       0xc4 ../../libDaisy//build\libdaisy.a(spi.o)
                0x08006dc0                HAL_SPI_TxRxCpltCallback
 .text.HAL_SPI_ErrorCallback
                0x08006e84       0xc8 ../../libDaisy//build\libdaisy.a(spi.o)
                0x08006e84                HAL_SPI_ErrorCallback
 .text._ZN5daisy9SpiHandle4InitERKNS0_6ConfigE
                0x08006f4c      0x110 ../../libDaisy//build\libdaisy.a(spi.o)
                0x08006f4c                daisy::SpiHandle::Init(daisy::SpiHandle::Config const&)
 .text._ZN5daisy9SpiHandle16BlockingTransmitEPhjm
                0x0800705c       0x14 ../../libDaisy//build\libdaisy.a(spi.o)
                0x0800705c                daisy::SpiHandle::BlockingTransmit(unsigned char*, unsigned int, unsigned long)
 .text.startup._GLOBAL__sub_I__Z19MapInstanceToHandleP11SPI_TypeDef
                0x08007070      0x1b0 ../../libDaisy//build\libdaisy.a(spi.o)
 .text._ZN5daisy11TimerHandleD2Ev
                0x08007220        0x4 ../../libDaisy//build\libdaisy.a(system.o)
                0x08007220                daisy::TimerHandle::~TimerHandle()
                0x08007220                daisy::TimerHandle::~TimerHandle()
 .text.SysTick_Handler
                0x08007224       0x10 ../../libDaisy//build\libdaisy.a(system.o)
                0x08007224                SysTick_Handler
 .text.OTG_HS_EP1_OUT_IRQHandler
                0x08007234       0x24 ../../libDaisy//build\libdaisy.a(system.o)
                0x08007234                OTG_HS_EP1_OUT_IRQHandler
 .text.OTG_HS_EP1_IN_IRQHandler
                0x08007258       0x24 ../../libDaisy//build\libdaisy.a(system.o)
                0x08007258                OTG_HS_EP1_IN_IRQHandler
 .text.OTG_HS_IRQHandler
                0x0800727c       0x24 ../../libDaisy//build\libdaisy.a(system.o)
                0x0800727c                OTG_HS_IRQHandler
 .text.HardFault_Handler
                0x080072a0       0xe0 ../../libDaisy//build\libdaisy.a(system.o)
                0x080072a0                HardFault_Handler
 .text._ZN5daisy6System6GetNowEv
                0x08007380        0x4 ../../libDaisy//build\libdaisy.a(system.o)
                0x08007380                daisy::System::GetNow()
 .text._ZN5daisy6System5DelayEm
                0x08007384        0x4 ../../libDaisy//build\libdaisy.a(system.o)
                0x08007384                daisy::System::Delay(unsigned long)
 .text._ZN5daisy6System20GetBootloaderVersionEv
                0x08007388       0x34 ../../libDaisy//build\libdaisy.a(system.o)
                0x08007388                daisy::System::GetBootloaderVersion()
 .text._ZN5daisy6System15ConfigureClocksEv
                0x080073bc      0x194 ../../libDaisy//build\libdaisy.a(system.o)
                0x080073bc                daisy::System::ConfigureClocks()
 .text._ZN5daisy6System12ConfigureMpuEv
                0x08007550       0x7c ../../libDaisy//build\libdaisy.a(system.o)
                0x08007550                daisy::System::ConfigureMpu()
 .text._ZN5daisy6System4InitERKNS0_6ConfigE
                0x080075cc       0xec ../../libDaisy//build\libdaisy.a(system.o)
                0x080075cc                daisy::System::Init(daisy::System::Config const&)
 .text._ZN5daisy6System12GetPClk1FreqEv
                0x080076b8        0x4 ../../libDaisy//build\libdaisy.a(system.o)
                0x080076b8                daisy::System::GetPClk1Freq()
 .text._ZN5daisy6System12GetPClk2FreqEv
                0x080076bc        0x4 ../../libDaisy//build\libdaisy.a(system.o)
                0x080076bc                daisy::System::GetPClk2Freq()
 .text._ZN5daisy6System22GetProgramMemoryRegionEv
                0x080076c0       0x78 ../../libDaisy//build\libdaisy.a(system.o)
                0x080076c0                daisy::System::GetProgramMemoryRegion()
 .text.startup._GLOBAL__sub_I__ZN5daisy9boot_infoE
                0x08007738       0x1c ../../libDaisy//build\libdaisy.a(system.o)
 .text.SystemInit
                0x08007754       0x9c ../../libDaisy//build\libdaisy.a(system_stm32h7xx.o)
                0x08007754                SystemInit
 .text.HAL_PCD_SetupStageCallback
                0x080077f0        0xc ../../libDaisy//build\libdaisy.a(usbd_conf.o)
                0x080077f0                HAL_PCD_SetupStageCallback
 .text.HAL_PCD_DataOutStageCallback
                0x080077fc       0x14 ../../libDaisy//build\libdaisy.a(usbd_conf.o)
                0x080077fc                HAL_PCD_DataOutStageCallback
 .text.HAL_PCD_DataInStageCallback
                0x08007810       0x14 ../../libDaisy//build\libdaisy.a(usbd_conf.o)
                0x08007810                HAL_PCD_DataInStageCallback
 .text.HAL_PCD_SOFCallback
                0x08007824        0x8 ../../libDaisy//build\libdaisy.a(usbd_conf.o)
                0x08007824                HAL_PCD_SOFCallback
 .text.HAL_PCD_ResetCallback
                0x0800782c       0x24 ../../libDaisy//build\libdaisy.a(usbd_conf.o)
                0x0800782c                HAL_PCD_ResetCallback
 .text.HAL_PCD_SuspendCallback
                0x08007850       0x30 ../../libDaisy//build\libdaisy.a(usbd_conf.o)
                0x08007850                HAL_PCD_SuspendCallback
 .text.HAL_PCD_ResumeCallback
                0x08007880        0x8 ../../libDaisy//build\libdaisy.a(usbd_conf.o)
                0x08007880                HAL_PCD_ResumeCallback
 .text.HAL_PCD_ISOOUTIncompleteCallback
                0x08007888        0x8 ../../libDaisy//build\libdaisy.a(usbd_conf.o)
                0x08007888                HAL_PCD_ISOOUTIncompleteCallback
 .text.HAL_PCD_ISOINIncompleteCallback
                0x08007890        0x8 ../../libDaisy//build\libdaisy.a(usbd_conf.o)
                0x08007890                HAL_PCD_ISOINIncompleteCallback
 .text.HAL_PCD_ConnectCallback
                0x08007898        0x8 ../../libDaisy//build\libdaisy.a(usbd_conf.o)
                0x08007898                HAL_PCD_ConnectCallback
 .text.HAL_PCD_DisconnectCallback
                0x080078a0        0x8 ../../libDaisy//build\libdaisy.a(usbd_conf.o)
                0x080078a0                HAL_PCD_DisconnectCallback
 .text.USBD_LL_OpenEP
                0x080078a8       0x24 ../../libDaisy//build\libdaisy.a(usbd_conf.o)
                0x080078a8                USBD_LL_OpenEP
 .text.USBD_LL_StallEP
                0x080078cc       0x1c ../../libDaisy//build\libdaisy.a(usbd_conf.o)
                0x080078cc                USBD_LL_StallEP
 .text.USBD_LL_ClearStallEP
                0x080078e8       0x1c ../../libDaisy//build\libdaisy.a(usbd_conf.o)
                0x080078e8                USBD_LL_ClearStallEP
 .text.USBD_LL_IsStallEP
                0x08007904       0x28 ../../libDaisy//build\libdaisy.a(usbd_conf.o)
                0x08007904                USBD_LL_IsStallEP
 .text.USBD_LL_SetUSBAddress
                0x0800792c       0x1c ../../libDaisy//build\libdaisy.a(usbd_conf.o)
                0x0800792c                USBD_LL_SetUSBAddress
 .text.USBD_LL_Transmit
                0x08007948       0x1c ../../libDaisy//build\libdaisy.a(usbd_conf.o)
                0x08007948                USBD_LL_Transmit
 .text.USBD_LL_PrepareReceive
                0x08007964       0x1c ../../libDaisy//build\libdaisy.a(usbd_conf.o)
                0x08007964                USBD_LL_PrepareReceive
 .text.HAL_HCD_SOF_Callback
                0x08007980        0x8 ../../libDaisy//build\libdaisy.a(usbh_conf.o)
                0x08007980                HAL_HCD_SOF_Callback
 .text.HAL_HCD_Connect_Callback
                0x08007988        0x8 ../../libDaisy//build\libdaisy.a(usbh_conf.o)
                0x08007988                HAL_HCD_Connect_Callback
 .text.HAL_HCD_Disconnect_Callback
                0x08007990        0x8 ../../libDaisy//build\libdaisy.a(usbh_conf.o)
                0x08007990                HAL_HCD_Disconnect_Callback
 .text.HAL_HCD_HC_NotifyURBChange_Callback
                0x08007998        0x4 ../../libDaisy//build\libdaisy.a(usbh_conf.o)
                0x08007998                HAL_HCD_HC_NotifyURBChange_Callback
 .text.HAL_HCD_PortEnabled_Callback
                0x0800799c        0x8 ../../libDaisy//build\libdaisy.a(usbh_conf.o)
                0x0800799c                HAL_HCD_PortEnabled_Callback
 .text.HAL_HCD_PortDisabled_Callback
                0x080079a4        0x8 ../../libDaisy//build\libdaisy.a(usbh_conf.o)
                0x080079a4                HAL_HCD_PortDisabled_Callback
 .text.USBH_LL_Stop
                0x080079ac       0x1c ../../libDaisy//build\libdaisy.a(usbh_conf.o)
                0x080079ac                USBH_LL_Stop
 .text.dsy_hal_map_get_port
                0x080079c8       0x10 ../../libDaisy//build\libdaisy.a(hal_map.o)
                0x080079c8                dsy_hal_map_get_port
 .text.dsy_hal_map_get_pin
                0x080079d8       0x10 ../../libDaisy//build\libdaisy.a(hal_map.o)
                0x080079d8                dsy_hal_map_get_pin
 .text.dsy_hal_map_gpio_clk_enable
                0x080079e8      0x150 ../../libDaisy//build\libdaisy.a(hal_map.o)
                0x080079e8                dsy_hal_map_gpio_clk_enable
 .text.HAL_MspInit
                0x08007b38        0x4 ../../libDaisy//build\libdaisy.a(stm32h7xx_hal.o)
                0x08007b38                HAL_MspInit
 .text.HAL_InitTick
                0x08007b3c       0x4c ../../libDaisy//build\libdaisy.a(stm32h7xx_hal.o)
                0x08007b3c                HAL_InitTick
 .text.HAL_Init
                0x08007b88       0x60 ../../libDaisy//build\libdaisy.a(stm32h7xx_hal.o)
                0x08007b88                HAL_Init
 .text.HAL_IncTick
                0x08007be8       0x18 ../../libDaisy//build\libdaisy.a(stm32h7xx_hal.o)
                0x08007be8                HAL_IncTick
 .text.HAL_GetTick
                0x08007c00        0xc ../../libDaisy//build\libdaisy.a(stm32h7xx_hal.o)
                0x08007c00                HAL_GetTick
 .text.HAL_Delay
                0x08007c0c       0x24 ../../libDaisy//build\libdaisy.a(stm32h7xx_hal.o)
                0x08007c0c                HAL_Delay
 .text.HAL_GetREVID
                0x08007c30        0xc ../../libDaisy//build\libdaisy.a(stm32h7xx_hal.o)
                0x08007c30                HAL_GetREVID
 .text.HAL_ADC_ConvHalfCpltCallback
                0x08007c3c        0x4 ../../libDaisy//build\libdaisy.a(stm32h7xx_hal_adc.o)
                0x08007c3c                HAL_ADC_ConvHalfCpltCallback
 .text.ADC_DMAHalfConvCplt
                0x08007c40        0xc ../../libDaisy//build\libdaisy.a(stm32h7xx_hal_adc.o)
                0x08007c40                ADC_DMAHalfConvCplt
 .text.ADC_DMAConvCplt
                0x08007c4c       0x6c ../../libDaisy//build\libdaisy.a(stm32h7xx_hal_adc.o)
                0x08007c4c                ADC_DMAConvCplt
 .text.ADC_DMAError
                0x08007cb8       0x1c ../../libDaisy//build\libdaisy.a(stm32h7xx_hal_adc.o)
                0x08007cb8                ADC_DMAError
 .text.HAL_ADC_ConfigChannel
                0x08007cd4      0x3fc ../../libDaisy//build\libdaisy.a(stm32h7xx_hal_adc.o)
                0x08007cd4                HAL_ADC_ConfigChannel
 .text.ADC_Enable
                0x080080d0       0xac ../../libDaisy//build\libdaisy.a(stm32h7xx_hal_adc.o)
                0x080080d0                ADC_Enable
 .text.HAL_ADC_Start_DMA
                0x0800817c      0x114 ../../libDaisy//build\libdaisy.a(stm32h7xx_hal_adc.o)
                0x0800817c                HAL_ADC_Start_DMA
 .text.ADC_Disable
                0x08008290       0x68 ../../libDaisy//build\libdaisy.a(stm32h7xx_hal_adc.o)
                0x08008290                ADC_Disable
 .text.ADC_ConfigureBoostMode
                0x080082f8      0x184 ../../libDaisy//build\libdaisy.a(stm32h7xx_hal_adc.o)
                0x080082f8                ADC_ConfigureBoostMode
 .text.HAL_ADC_Init
                0x0800847c      0x218 ../../libDaisy//build\libdaisy.a(stm32h7xx_hal_adc.o)
                0x0800847c                HAL_ADC_Init
 .text.HAL_ADCEx_Calibration_Start
                0x08008694       0xa4 ../../libDaisy//build\libdaisy.a(stm32h7xx_hal_adc_ex.o)
                0x08008694                HAL_ADCEx_Calibration_Start
 .text.HAL_ADCEx_MultiModeConfigChannel
                0x08008738       0xc4 ../../libDaisy//build\libdaisy.a(stm32h7xx_hal_adc_ex.o)
                0x08008738                HAL_ADCEx_MultiModeConfigChannel
 .text.HAL_NVIC_SetPriorityGrouping
                0x080087fc       0x24 ../../libDaisy//build\libdaisy.a(stm32h7xx_hal_cortex.o)
                0x080087fc                HAL_NVIC_SetPriorityGrouping
 .text.HAL_NVIC_SetPriority
                0x08008820       0x7c ../../libDaisy//build\libdaisy.a(stm32h7xx_hal_cortex.o)
                0x08008820                HAL_NVIC_SetPriority
 .text.HAL_NVIC_EnableIRQ
                0x0800889c       0x1c ../../libDaisy//build\libdaisy.a(stm32h7xx_hal_cortex.o)
                0x0800889c                HAL_NVIC_EnableIRQ
 .text.HAL_NVIC_DisableIRQ
                0x080088b8       0x28 ../../libDaisy//build\libdaisy.a(stm32h7xx_hal_cortex.o)
                0x080088b8                HAL_NVIC_DisableIRQ
 .text.HAL_SYSTICK_Config
                0x080088e0       0x2c ../../libDaisy//build\libdaisy.a(stm32h7xx_hal_cortex.o)
                0x080088e0                HAL_SYSTICK_Config
 .text.HAL_MPU_Disable
                0x0800890c       0x1c ../../libDaisy//build\libdaisy.a(stm32h7xx_hal_cortex.o)
                0x0800890c                HAL_MPU_Disable
 .text.HAL_MPU_Enable
                0x08008928       0x20 ../../libDaisy//build\libdaisy.a(stm32h7xx_hal_cortex.o)
                0x08008928                HAL_MPU_Enable
 .text.HAL_MPU_ConfigRegion
                0x08008948       0x64 ../../libDaisy//build\libdaisy.a(stm32h7xx_hal_cortex.o)
                0x08008948                HAL_MPU_ConfigRegion
 .text.HAL_SYSTICK_Callback
                0x080089ac        0x4 ../../libDaisy//build\libdaisy.a(stm32h7xx_hal_cortex.o)
                0x080089ac                HAL_SYSTICK_Callback
 .text.HAL_SYSTICK_IRQHandler
                0x080089b0        0x8 ../../libDaisy//build\libdaisy.a(stm32h7xx_hal_cortex.o)
                0x080089b0                HAL_SYSTICK_IRQHandler
 .text.HAL_DAC_Init
                0x080089b8       0x2c ../../libDaisy//build\libdaisy.a(stm32h7xx_hal_dac.o)
                0x080089b8                HAL_DAC_Init
 .text.HAL_DAC_Start
                0x080089e4       0x5c ../../libDaisy//build\libdaisy.a(stm32h7xx_hal_dac.o)
                0x080089e4                HAL_DAC_Start
 .text.HAL_DAC_SetValue
                0x08008a40       0x30 ../../libDaisy//build\libdaisy.a(stm32h7xx_hal_dac.o)
                0x08008a40                HAL_DAC_SetValue
 .text.HAL_DAC_DMAUnderrunCallbackCh1
                0x08008a70        0x4 ../../libDaisy//build\libdaisy.a(stm32h7xx_hal_dac.o)
                0x08008a70                HAL_DAC_DMAUnderrunCallbackCh1
 .text.HAL_DAC_IRQHandler
                0x08008a74       0x68 ../../libDaisy//build\libdaisy.a(stm32h7xx_hal_dac.o)
                0x08008a74                HAL_DAC_IRQHandler
 .text.HAL_DAC_ConfigChannel
                0x08008adc      0x130 ../../libDaisy//build\libdaisy.a(stm32h7xx_hal_dac.o)
                0x08008adc                HAL_DAC_ConfigChannel
 .text.HAL_DACEx_DMAUnderrunCallbackCh2
                0x08008c0c        0x4 ../../libDaisy//build\libdaisy.a(stm32h7xx_hal_dac_ex.o)
                0x08008c0c                HAL_DACEx_DMAUnderrunCallbackCh2
 .text.DMA_CalcBaseAndBitshift
                0x08008c10       0xf4 ../../libDaisy//build\libdaisy.a(stm32h7xx_hal_dma.o)
 .text.DMA_CalcDMAMUXChannelBaseAndMask
                0x08008d04       0xd8 ../../libDaisy//build\libdaisy.a(stm32h7xx_hal_dma.o)
 .text.HAL_DMA_Init
                0x08008ddc      0x37c ../../libDaisy//build\libdaisy.a(stm32h7xx_hal_dma.o)
                0x08008ddc                HAL_DMA_Init
 .text.HAL_DMA_Start_IT
                0x08009158      0x240 ../../libDaisy//build\libdaisy.a(stm32h7xx_hal_dma.o)
                0x08009158                HAL_DMA_Start_IT
 .text.HAL_DMA_Abort_IT
                0x08009398      0x134 ../../libDaisy//build\libdaisy.a(stm32h7xx_hal_dma.o)
                0x08009398                HAL_DMA_Abort_IT
 .text.HAL_DMA_IRQHandler
                0x080094cc      0x6a0 ../../libDaisy//build\libdaisy.a(stm32h7xx_hal_dma.o)
                0x080094cc                HAL_DMA_IRQHandler
 .text.HAL_DMA_GetError
                0x08009b6c        0x4 ../../libDaisy//build\libdaisy.a(stm32h7xx_hal_dma.o)
                0x08009b6c                HAL_DMA_GetError
 .text.HAL_GPIO_Init
                0x08009b70      0x280 ../../libDaisy//build\libdaisy.a(stm32h7xx_hal_gpio.o)
                0x08009b70                HAL_GPIO_Init
 .text.HAL_GPIO_DeInit
                0x08009df0      0x190 ../../libDaisy//build\libdaisy.a(stm32h7xx_hal_gpio.o)
                0x08009df0                HAL_GPIO_DeInit
 .text.HAL_GPIO_ReadPin
                0x08009f80        0xc ../../libDaisy//build\libdaisy.a(stm32h7xx_hal_gpio.o)
                0x08009f80                HAL_GPIO_ReadPin
 .text.HAL_GPIO_WritePin
                0x08009f8c        0x8 ../../libDaisy//build\libdaisy.a(stm32h7xx_hal_gpio.o)
                0x08009f8c                HAL_GPIO_WritePin
 .text.HAL_HCD_IRQHandler
                0x08009f94      0x780 ../../libDaisy//build\libdaisy.a(stm32h7xx_hal_hcd.o)
                0x08009f94                HAL_HCD_IRQHandler
 .text.HAL_HCD_Stop
                0x0800a714       0x28 ../../libDaisy//build\libdaisy.a(stm32h7xx_hal_hcd.o)
                0x0800a714                HAL_HCD_Stop
 .text.I2C_WaitOnTXISFlagUntilTimeout
                0x0800a73c       0xb8 ../../libDaisy//build\libdaisy.a(stm32h7xx_hal_i2c.o)
 .text.I2C_WaitOnSTOPFlagUntilTimeout
                0x0800a7f4       0xac ../../libDaisy//build\libdaisy.a(stm32h7xx_hal_i2c.o)
 .text.HAL_I2C_Init
                0x0800a8a0       0xac ../../libDaisy//build\libdaisy.a(stm32h7xx_hal_i2c.o)
                0x0800a8a0                HAL_I2C_Init
 .text.HAL_I2C_Master_Transmit
                0x0800a94c      0x1a8 ../../libDaisy//build\libdaisy.a(stm32h7xx_hal_i2c.o)
                0x0800a94c                HAL_I2C_Master_Transmit
 .text.HAL_I2C_Slave_Transmit
                0x0800aaf4      0x1c8 ../../libDaisy//build\libdaisy.a(stm32h7xx_hal_i2c.o)
                0x0800aaf4                HAL_I2C_Slave_Transmit
 .text.HAL_I2C_EV_IRQHandler
                0x0800acbc       0x10 ../../libDaisy//build\libdaisy.a(stm32h7xx_hal_i2c.o)
                0x0800acbc                HAL_I2C_EV_IRQHandler
 .text.HAL_I2C_GetState
                0x0800accc        0x8 ../../libDaisy//build\libdaisy.a(stm32h7xx_hal_i2c.o)
                0x0800accc                HAL_I2C_GetState
 .text.HAL_I2CEx_ConfigAnalogFilter
                0x0800acd4       0x54 ../../libDaisy//build\libdaisy.a(stm32h7xx_hal_i2c_ex.o)
                0x0800acd4                HAL_I2CEx_ConfigAnalogFilter
 .text.HAL_I2CEx_ConfigDigitalFilter
                0x0800ad28       0x58 ../../libDaisy//build\libdaisy.a(stm32h7xx_hal_i2c_ex.o)
                0x0800ad28                HAL_I2CEx_ConfigDigitalFilter
 .text.HAL_PCD_IRQHandler
                0x0800ad80      0x69c ../../libDaisy//build\libdaisy.a(stm32h7xx_hal_pcd.o)
                0x0800ad80                HAL_PCD_IRQHandler
 .text.HAL_PCD_SetAddress
                0x0800b41c       0x2c ../../libDaisy//build\libdaisy.a(stm32h7xx_hal_pcd.o)
                0x0800b41c                HAL_PCD_SetAddress
 .text.HAL_PCD_EP_Open
                0x0800b448       0x7c ../../libDaisy//build\libdaisy.a(stm32h7xx_hal_pcd.o)
                0x0800b448                HAL_PCD_EP_Open
 .text.HAL_PCD_EP_Receive
                0x0800b4c4       0x50 ../../libDaisy//build\libdaisy.a(stm32h7xx_hal_pcd.o)
                0x0800b4c4                HAL_PCD_EP_Receive
 .text.HAL_PCD_EP_Transmit
                0x0800b514       0x50 ../../libDaisy//build\libdaisy.a(stm32h7xx_hal_pcd.o)
                0x0800b514                HAL_PCD_EP_Transmit
 .text.HAL_PCD_EP_SetStall
                0x0800b564       0x88 ../../libDaisy//build\libdaisy.a(stm32h7xx_hal_pcd.o)
                0x0800b564                HAL_PCD_EP_SetStall
 .text.HAL_PCD_EP_ClrStall
                0x0800b5ec       0x78 ../../libDaisy//build\libdaisy.a(stm32h7xx_hal_pcd.o)
                0x0800b5ec                HAL_PCD_EP_ClrStall
 .text.HAL_PCDEx_LPM_Callback
                0x0800b664        0x4 ../../libDaisy//build\libdaisy.a(stm32h7xx_hal_pcd_ex.o)
                0x0800b664                HAL_PCDEx_LPM_Callback
 .text.HAL_PWREx_ConfigSupply
                0x0800b668       0x4c ../../libDaisy//build\libdaisy.a(stm32h7xx_hal_pwr_ex.o)
                0x0800b668                HAL_PWREx_ConfigSupply
 .text.HAL_PWREx_EnableUSBVoltageDetector
                0x0800b6b4       0x10 ../../libDaisy//build\libdaisy.a(stm32h7xx_hal_pwr_ex.o)
                0x0800b6b4                HAL_PWREx_EnableUSBVoltageDetector
 .text.QSPI_Config
                0x0800b6c4      0x174 ../../libDaisy//build\libdaisy.a(stm32h7xx_hal_qspi.o)
 .text.HAL_QSPI_Init
                0x0800b838       0xd8 ../../libDaisy//build\libdaisy.a(stm32h7xx_hal_qspi.o)
                0x0800b838                HAL_QSPI_Init
 .text.HAL_QSPI_DeInit
                0x0800b910       0x3c ../../libDaisy//build\libdaisy.a(stm32h7xx_hal_qspi.o)
                0x0800b910                HAL_QSPI_DeInit
 .text.HAL_QSPI_Command
                0x0800b94c       0xd4 ../../libDaisy//build\libdaisy.a(stm32h7xx_hal_qspi.o)
                0x0800b94c                HAL_QSPI_Command
 .text.HAL_QSPI_Transmit
                0x0800ba20       0xfc ../../libDaisy//build\libdaisy.a(stm32h7xx_hal_qspi.o)
                0x0800ba20                HAL_QSPI_Transmit
 .text.HAL_QSPI_Receive
                0x0800bb1c      0x108 ../../libDaisy//build\libdaisy.a(stm32h7xx_hal_qspi.o)
                0x0800bb1c                HAL_QSPI_Receive
 .text.HAL_QSPI_AutoPolling
                0x0800bc24       0xf0 ../../libDaisy//build\libdaisy.a(stm32h7xx_hal_qspi.o)
                0x0800bc24                HAL_QSPI_AutoPolling
 .text.HAL_QSPI_MemoryMapped
                0x0800bd14       0xc0 ../../libDaisy//build\libdaisy.a(stm32h7xx_hal_qspi.o)
                0x0800bd14                HAL_QSPI_MemoryMapped
 .text.HAL_QSPI_ErrorCallback
                0x0800bdd4        0x4 ../../libDaisy//build\libdaisy.a(stm32h7xx_hal_qspi.o)
                0x0800bdd4                HAL_QSPI_ErrorCallback
 .text.QSPI_DMAAbortCplt
                0x0800bdd8       0x38 ../../libDaisy//build\libdaisy.a(stm32h7xx_hal_qspi.o)
 .text.HAL_QSPI_AbortCpltCallback
                0x0800be10        0x4 ../../libDaisy//build\libdaisy.a(stm32h7xx_hal_qspi.o)
                0x0800be10                HAL_QSPI_AbortCpltCallback
 .text.HAL_QSPI_CmdCpltCallback
                0x0800be14        0x4 ../../libDaisy//build\libdaisy.a(stm32h7xx_hal_qspi.o)
                0x0800be14                HAL_QSPI_CmdCpltCallback
 .text.HAL_QSPI_RxCpltCallback
                0x0800be18        0x4 ../../libDaisy//build\libdaisy.a(stm32h7xx_hal_qspi.o)
                0x0800be18                HAL_QSPI_RxCpltCallback
 .text.HAL_QSPI_TxCpltCallback
                0x0800be1c        0x4 ../../libDaisy//build\libdaisy.a(stm32h7xx_hal_qspi.o)
                0x0800be1c                HAL_QSPI_TxCpltCallback
 .text.HAL_QSPI_FifoThresholdCallback
                0x0800be20        0x4 ../../libDaisy//build\libdaisy.a(stm32h7xx_hal_qspi.o)
                0x0800be20                HAL_QSPI_FifoThresholdCallback
 .text.HAL_QSPI_StatusMatchCallback
                0x0800be24        0x4 ../../libDaisy//build\libdaisy.a(stm32h7xx_hal_qspi.o)
                0x0800be24                HAL_QSPI_StatusMatchCallback
 .text.HAL_QSPI_TimeOutCallback
                0x0800be28        0x4 ../../libDaisy//build\libdaisy.a(stm32h7xx_hal_qspi.o)
                0x0800be28                HAL_QSPI_TimeOutCallback
 .text.HAL_QSPI_IRQHandler
                0x0800be2c      0x210 ../../libDaisy//build\libdaisy.a(stm32h7xx_hal_qspi.o)
                0x0800be2c                HAL_QSPI_IRQHandler
 .text.HAL_RCC_OscConfig
                0x0800c03c      0x51c ../../libDaisy//build\libdaisy.a(stm32h7xx_hal_rcc.o)
                0x0800c03c                HAL_RCC_OscConfig
 .text.HAL_RCC_GetSysClockFreq
                0x0800c558      0x140 ../../libDaisy//build\libdaisy.a(stm32h7xx_hal_rcc.o)
                0x0800c558                HAL_RCC_GetSysClockFreq
 .text.HAL_RCC_ClockConfig
                0x0800c698      0x234 ../../libDaisy//build\libdaisy.a(stm32h7xx_hal_rcc.o)
                0x0800c698                HAL_RCC_ClockConfig
 .text.HAL_RCC_GetHCLKFreq
                0x0800c8cc       0x2c ../../libDaisy//build\libdaisy.a(stm32h7xx_hal_rcc.o)
                0x0800c8cc                HAL_RCC_GetHCLKFreq
 .text.HAL_RCC_GetPCLK1Freq
                0x0800c8f8       0x38 ../../libDaisy//build\libdaisy.a(stm32h7xx_hal_rcc.o)
                0x0800c8f8                HAL_RCC_GetPCLK1Freq
 .text.HAL_RCC_GetPCLK2Freq
                0x0800c930       0x38 ../../libDaisy//build\libdaisy.a(stm32h7xx_hal_rcc.o)
                0x0800c930                HAL_RCC_GetPCLK2Freq
 .text.RCCEx_PLL2_Config
                0x0800c968       0xf4 ../../libDaisy//build\libdaisy.a(stm32h7xx_hal_rcc_ex.o)
 .text.RCCEx_PLL3_Config
                0x0800ca5c       0xf4 ../../libDaisy//build\libdaisy.a(stm32h7xx_hal_rcc_ex.o)
 .text.HAL_RCCEx_PeriphCLKConfig
                0x0800cb50      0xa7c ../../libDaisy//build\libdaisy.a(stm32h7xx_hal_rcc_ex.o)
                0x0800cb50                HAL_RCCEx_PeriphCLKConfig
 .text.HAL_RCCEx_GetD3PCLK1Freq
                0x0800d5cc       0x24 ../../libDaisy//build\libdaisy.a(stm32h7xx_hal_rcc_ex.o)
                0x0800d5cc                HAL_RCCEx_GetD3PCLK1Freq
 .text.HAL_RCCEx_GetPLL2ClockFreq
                0x0800d5f0      0x17c ../../libDaisy//build\libdaisy.a(stm32h7xx_hal_rcc_ex.o)
                0x0800d5f0                HAL_RCCEx_GetPLL2ClockFreq
 .text.HAL_RCCEx_GetPLL3ClockFreq
                0x0800d76c      0x17c ../../libDaisy//build\libdaisy.a(stm32h7xx_hal_rcc_ex.o)
                0x0800d76c                HAL_RCCEx_GetPLL3ClockFreq
 .text.HAL_RCCEx_GetPLL1ClockFreq
                0x0800d8e8      0x17c ../../libDaisy//build\libdaisy.a(stm32h7xx_hal_rcc_ex.o)
                0x0800d8e8                HAL_RCCEx_GetPLL1ClockFreq
 .text.HAL_RCCEx_GetPeriphCLKFreq
                0x0800da64      0x198 ../../libDaisy//build\libdaisy.a(stm32h7xx_hal_rcc_ex.o)
                0x0800da64                HAL_RCCEx_GetPeriphCLKFreq
 .text.HAL_RCCEx_GetD1SysClockFreq
                0x0800dbfc       0x2c ../../libDaisy//build\libdaisy.a(stm32h7xx_hal_rcc_ex.o)
                0x0800dbfc                HAL_RCCEx_GetD1SysClockFreq
 .text.HAL_SAI_Init.part.0
                0x0800dc28      0x348 ../../libDaisy//build\libdaisy.a(stm32h7xx_hal_sai.o)
 .text.HAL_SAI_InitProtocol
                0x0800df70      0x178 ../../libDaisy//build\libdaisy.a(stm32h7xx_hal_sai.o)
                0x0800df70                HAL_SAI_InitProtocol
 .text.HAL_SAI_Transmit_DMA
                0x0800e0e8      0x124 ../../libDaisy//build\libdaisy.a(stm32h7xx_hal_sai.o)
                0x0800e0e8                HAL_SAI_Transmit_DMA
 .text.HAL_SAI_Receive_DMA
                0x0800e20c       0xd0 ../../libDaisy//build\libdaisy.a(stm32h7xx_hal_sai.o)
                0x0800e20c                HAL_SAI_Receive_DMA
 .text.HAL_SAI_TxCpltCallback
                0x0800e2dc        0x4 ../../libDaisy//build\libdaisy.a(stm32h7xx_hal_sai.o)
                0x0800e2dc                HAL_SAI_TxCpltCallback
 .text.SAI_DMATxCplt
                0x0800e2e0       0x64 ../../libDaisy//build\libdaisy.a(stm32h7xx_hal_sai.o)
 .text.HAL_SAI_TxHalfCpltCallback
                0x0800e344        0x4 ../../libDaisy//build\libdaisy.a(stm32h7xx_hal_sai.o)
                0x0800e344                HAL_SAI_TxHalfCpltCallback
 .text.SAI_DMATxHalfCplt
                0x0800e348        0xc ../../libDaisy//build\libdaisy.a(stm32h7xx_hal_sai.o)
 .text.SAI_DMARxCplt
                0x0800e354       0x64 ../../libDaisy//build\libdaisy.a(stm32h7xx_hal_sai.o)
 .text.SAI_DMARxHalfCplt
                0x0800e3b8        0xc ../../libDaisy//build\libdaisy.a(stm32h7xx_hal_sai.o)
 .text.HAL_SAI_ErrorCallback
                0x0800e3c4        0x4 ../../libDaisy//build\libdaisy.a(stm32h7xx_hal_sai.o)
                0x0800e3c4                HAL_SAI_ErrorCallback
 .text.SAI_DMAError
                0x0800e3c8       0x6c ../../libDaisy//build\libdaisy.a(stm32h7xx_hal_sai.o)
 .text.HAL_SDRAM_Init
                0x0800e434       0x54 ../../libDaisy//build\libdaisy.a(stm32h7xx_hal_sdram.o)
                0x0800e434                HAL_SDRAM_Init
 .text.HAL_SDRAM_SendCommand
                0x0800e488       0x40 ../../libDaisy//build\libdaisy.a(stm32h7xx_hal_sdram.o)
                0x0800e488                HAL_SDRAM_SendCommand
 .text.HAL_SDRAM_ProgramRefreshRate
                0x0800e4c8       0x30 ../../libDaisy//build\libdaisy.a(stm32h7xx_hal_sdram.o)
                0x0800e4c8                HAL_SDRAM_ProgramRefreshRate
 .text.SPI_CloseTransfer
                0x0800e4f8       0xb8 ../../libDaisy//build\libdaisy.a(stm32h7xx_hal_spi.o)
 .text.HAL_SPI_Init
                0x0800e5b0      0x15c ../../libDaisy//build\libdaisy.a(stm32h7xx_hal_spi.o)
                0x0800e5b0                HAL_SPI_Init
 .text.HAL_SPI_Transmit
                0x0800e70c      0x314 ../../libDaisy//build\libdaisy.a(stm32h7xx_hal_spi.o)
                0x0800e70c                HAL_SPI_Transmit
 .text.HAL_SPI_Transmit_DMA
                0x0800ea20      0x170 ../../libDaisy//build\libdaisy.a(stm32h7xx_hal_spi.o)
                0x0800ea20                HAL_SPI_Transmit_DMA
 .text.HAL_SPI_TransmitReceive_DMA
                0x0800eb90      0x218 ../../libDaisy//build\libdaisy.a(stm32h7xx_hal_spi.o)
                0x0800eb90                HAL_SPI_TransmitReceive_DMA
 .text.HAL_SPI_Receive_DMA
                0x0800eda8      0x1b4 ../../libDaisy//build\libdaisy.a(stm32h7xx_hal_spi.o)
                0x0800eda8                HAL_SPI_Receive_DMA
 .text.SPI_DMATransmitCplt
                0x0800ef5c       0x28 ../../libDaisy//build\libdaisy.a(stm32h7xx_hal_spi.o)
 .text.SPI_DMAReceiveCplt
                0x0800ef84       0x28 ../../libDaisy//build\libdaisy.a(stm32h7xx_hal_spi.o)
 .text.SPI_DMATransmitReceiveCplt
                0x0800efac       0x28 ../../libDaisy//build\libdaisy.a(stm32h7xx_hal_spi.o)
 .text.HAL_SPI_TxHalfCpltCallback
                0x0800efd4        0x4 ../../libDaisy//build\libdaisy.a(stm32h7xx_hal_spi.o)
                0x0800efd4                HAL_SPI_TxHalfCpltCallback
 .text.SPI_DMAHalfTransmitCplt
                0x0800efd8        0xc ../../libDaisy//build\libdaisy.a(stm32h7xx_hal_spi.o)
 .text.HAL_SPI_RxHalfCpltCallback
                0x0800efe4        0x4 ../../libDaisy//build\libdaisy.a(stm32h7xx_hal_spi.o)
                0x0800efe4                HAL_SPI_RxHalfCpltCallback
 .text.SPI_DMAHalfReceiveCplt
                0x0800efe8        0xc ../../libDaisy//build\libdaisy.a(stm32h7xx_hal_spi.o)
 .text.HAL_SPI_TxRxHalfCpltCallback
                0x0800eff4        0x4 ../../libDaisy//build\libdaisy.a(stm32h7xx_hal_spi.o)
                0x0800eff4                HAL_SPI_TxRxHalfCpltCallback
 .text.SPI_DMAHalfTransmitReceiveCplt
                0x0800eff8        0xc ../../libDaisy//build\libdaisy.a(stm32h7xx_hal_spi.o)
 .text.SPI_DMAError
                0x0800f004       0xd8 ../../libDaisy//build\libdaisy.a(stm32h7xx_hal_spi.o)
 .text.HAL_SPI_IRQHandler
                0x0800f0dc      0x23c ../../libDaisy//build\libdaisy.a(stm32h7xx_hal_spi.o)
                0x0800f0dc                HAL_SPI_IRQHandler
 .text.SPI_DMAAbortOnError
                0x0800f318       0x1c ../../libDaisy//build\libdaisy.a(stm32h7xx_hal_spi.o)
 .text.HAL_SPI_GetState
                0x0800f334        0x8 ../../libDaisy//build\libdaisy.a(stm32h7xx_hal_spi.o)
                0x0800f334                HAL_SPI_GetState
 .text.HAL_TIM_Base_Init
                0x0800f33c      0x140 ../../libDaisy//build\libdaisy.a(stm32h7xx_hal_tim.o)
                0x0800f33c                HAL_TIM_Base_Init
 .text.HAL_TIM_Base_Start
                0x0800f47c       0x34 ../../libDaisy//build\libdaisy.a(stm32h7xx_hal_tim.o)
                0x0800f47c                HAL_TIM_Base_Start
 .text.HAL_TIM_Base_Start_IT
                0x0800f4b0       0x2c ../../libDaisy//build\libdaisy.a(stm32h7xx_hal_tim.o)
                0x0800f4b0                HAL_TIM_Base_Start_IT
 .text.HAL_TIM_ConfigClockSource
                0x0800f4dc      0x17c ../../libDaisy//build\libdaisy.a(stm32h7xx_hal_tim.o)
                0x0800f4dc                HAL_TIM_ConfigClockSource
 .text.HAL_TIM_OC_DelayElapsedCallback
                0x0800f658        0x4 ../../libDaisy//build\libdaisy.a(stm32h7xx_hal_tim.o)
                0x0800f658                HAL_TIM_OC_DelayElapsedCallback
 .text.HAL_TIM_IC_CaptureCallback
                0x0800f65c        0x4 ../../libDaisy//build\libdaisy.a(stm32h7xx_hal_tim.o)
                0x0800f65c                HAL_TIM_IC_CaptureCallback
 .text.HAL_TIM_PWM_PulseFinishedCallback
                0x0800f660        0x4 ../../libDaisy//build\libdaisy.a(stm32h7xx_hal_tim.o)
                0x0800f660                HAL_TIM_PWM_PulseFinishedCallback
 .text.HAL_TIM_TriggerCallback
                0x0800f664        0x4 ../../libDaisy//build\libdaisy.a(stm32h7xx_hal_tim.o)
                0x0800f664                HAL_TIM_TriggerCallback
 .text.HAL_TIM_IRQHandler
                0x0800f668      0x170 ../../libDaisy//build\libdaisy.a(stm32h7xx_hal_tim.o)
                0x0800f668                HAL_TIM_IRQHandler
 .text.HAL_TIMEx_MasterConfigSynchronization
                0x0800f7d8       0x64 ../../libDaisy//build\libdaisy.a(stm32h7xx_hal_tim_ex.o)
                0x0800f7d8                HAL_TIMEx_MasterConfigSynchronization
 .text.HAL_TIMEx_CommutCallback
                0x0800f83c        0x4 ../../libDaisy//build\libdaisy.a(stm32h7xx_hal_tim_ex.o)
                0x0800f83c                HAL_TIMEx_CommutCallback
 .text.HAL_TIMEx_BreakCallback
                0x0800f840        0x4 ../../libDaisy//build\libdaisy.a(stm32h7xx_hal_tim_ex.o)
                0x0800f840                HAL_TIMEx_BreakCallback
 .text.HAL_TIMEx_Break2Callback
                0x0800f844        0x4 ../../libDaisy//build\libdaisy.a(stm32h7xx_hal_tim_ex.o)
                0x0800f844                HAL_TIMEx_Break2Callback
 .text.FMC_SDRAM_Init
                0x0800f848       0x7c ../../libDaisy//build\libdaisy.a(stm32h7xx_ll_fmc.o)
                0x0800f848                FMC_SDRAM_Init
 .text.FMC_SDRAM_Timing_Init
                0x0800f8c4       0x98 ../../libDaisy//build\libdaisy.a(stm32h7xx_ll_fmc.o)
                0x0800f8c4                FMC_SDRAM_Timing_Init
 .text.FMC_SDRAM_SendCommand
                0x0800f95c       0x28 ../../libDaisy//build\libdaisy.a(stm32h7xx_ll_fmc.o)
                0x0800f95c                FMC_SDRAM_SendCommand
 .text.FMC_SDRAM_ProgramRefreshRate
                0x0800f984       0x1c ../../libDaisy//build\libdaisy.a(stm32h7xx_ll_fmc.o)
                0x0800f984                FMC_SDRAM_ProgramRefreshRate
 .text.USB_SetTurnaroundTime
                0x0800f9a0      0x104 ../../libDaisy//build\libdaisy.a(stm32h7xx_ll_usb.o)
                0x0800f9a0                USB_SetTurnaroundTime
 .text.USB_FlushTxFifo
                0x0800faa4       0x34 ../../libDaisy//build\libdaisy.a(stm32h7xx_ll_usb.o)
                0x0800faa4                USB_FlushTxFifo
 .text.USB_GetDevSpeed
                0x0800fad8       0x24 ../../libDaisy//build\libdaisy.a(stm32h7xx_ll_usb.o)
                0x0800fad8                USB_GetDevSpeed
 .text.USB_ActivateEndpoint
                0x0800fafc       0x90 ../../libDaisy//build\libdaisy.a(stm32h7xx_ll_usb.o)
                0x0800fafc                USB_ActivateEndpoint
 .text.USB_EPStartXfer
                0x0800fb8c      0x230 ../../libDaisy//build\libdaisy.a(stm32h7xx_ll_usb.o)
                0x0800fb8c                USB_EPStartXfer
 .text.USB_EP0StartXfer
                0x0800fdbc      0x174 ../../libDaisy//build\libdaisy.a(stm32h7xx_ll_usb.o)
                0x0800fdbc                USB_EP0StartXfer
 .text.USB_WritePacket
                0x0800ff30       0x2c ../../libDaisy//build\libdaisy.a(stm32h7xx_ll_usb.o)
                0x0800ff30                USB_WritePacket
 .text.USB_ReadPacket
                0x0800ff5c       0x20 ../../libDaisy//build\libdaisy.a(stm32h7xx_ll_usb.o)
                0x0800ff5c                USB_ReadPacket
 .text.USB_EPSetStall
                0x0800ff7c       0x68 ../../libDaisy//build\libdaisy.a(stm32h7xx_ll_usb.o)
                0x0800ff7c                USB_EPSetStall
 .text.USB_EPClearStall
                0x0800ffe4       0x58 ../../libDaisy//build\libdaisy.a(stm32h7xx_ll_usb.o)
                0x0800ffe4                USB_EPClearStall
 .text.USB_SetDevAddress
                0x0801003c       0x24 ../../libDaisy//build\libdaisy.a(stm32h7xx_ll_usb.o)
                0x0801003c                USB_SetDevAddress
 .text.USB_ReadInterrupts
                0x08010060       0x14 ../../libDaisy//build\libdaisy.a(stm32h7xx_ll_usb.o)
                0x08010060                USB_ReadInterrupts
 .text.USB_ReadDevAllOutEpInterrupt
                0x08010074       0x1c ../../libDaisy//build\libdaisy.a(stm32h7xx_ll_usb.o)
                0x08010074                USB_ReadDevAllOutEpInterrupt
 .text.USB_ReadDevAllInEpInterrupt
                0x08010090       0x1c ../../libDaisy//build\libdaisy.a(stm32h7xx_ll_usb.o)
                0x08010090                USB_ReadDevAllInEpInterrupt
 .text.USB_ReadDevOutEPInterrupt
                0x080100ac       0x1c ../../libDaisy//build\libdaisy.a(stm32h7xx_ll_usb.o)
                0x080100ac                USB_ReadDevOutEPInterrupt
 .text.USB_ReadDevInEPInterrupt
                0x080100c8       0x38 ../../libDaisy//build\libdaisy.a(stm32h7xx_ll_usb.o)
                0x080100c8                USB_ReadDevInEPInterrupt
 .text.USB_GetMode
                0x08010100        0x8 ../../libDaisy//build\libdaisy.a(stm32h7xx_ll_usb.o)
                0x08010100                USB_GetMode
 .text.USB_ActivateSetup
                0x08010108       0x38 ../../libDaisy//build\libdaisy.a(stm32h7xx_ll_usb.o)
                0x08010108                USB_ActivateSetup
 .text.USB_EP0_OutStart
                0x08010140       0x58 ../../libDaisy//build\libdaisy.a(stm32h7xx_ll_usb.o)
                0x08010140                USB_EP0_OutStart
 .text.USB_InitFSLSPClkSel
                0x08010198       0x44 ../../libDaisy//build\libdaisy.a(stm32h7xx_ll_usb.o)
                0x08010198                USB_InitFSLSPClkSel
 .text.USB_HC_ReadInterrupt
                0x080101dc        0x8 ../../libDaisy//build\libdaisy.a(stm32h7xx_ll_usb.o)
                0x080101dc                USB_HC_ReadInterrupt
 .text.USB_HC_Halt
                0x080101e4       0xc0 ../../libDaisy//build\libdaisy.a(stm32h7xx_ll_usb.o)
                0x080101e4                USB_HC_Halt
 .text.USB_StopHost
                0x080102a4      0x2ec ../../libDaisy//build\libdaisy.a(stm32h7xx_ll_usb.o)
                0x080102a4                USB_StopHost
 .text.USBD_SetClassConfig
                0x08010590       0x14 ../../libDaisy//build\libdaisy.a(usbd_core.o)
                0x08010590                USBD_SetClassConfig
 .text.USBD_ClrClassConfig
                0x080105a4       0x10 ../../libDaisy//build\libdaisy.a(usbd_core.o)
                0x080105a4                USBD_ClrClassConfig
 .text.USBD_LL_SetupStage
                0x080105b4       0x5c ../../libDaisy//build\libdaisy.a(usbd_core.o)
                0x080105b4                USBD_LL_SetupStage
 .text.USBD_LL_DataOutStage
                0x08010610       0x7c ../../libDaisy//build\libdaisy.a(usbd_core.o)
                0x08010610                USBD_LL_DataOutStage
 .text.USBD_LL_DataInStage
                0x0801068c       0xcc ../../libDaisy//build\libdaisy.a(usbd_core.o)
                0x0801068c                USBD_LL_DataInStage
 .text.USBD_LL_Reset
                0x08010758       0x50 ../../libDaisy//build\libdaisy.a(usbd_core.o)
                0x08010758                USBD_LL_Reset
 .text.USBD_LL_SetSpeed
                0x080107a8        0x8 ../../libDaisy//build\libdaisy.a(usbd_core.o)
                0x080107a8                USBD_LL_SetSpeed
 .text.USBD_LL_Suspend
                0x080107b0       0x14 ../../libDaisy//build\libdaisy.a(usbd_core.o)
                0x080107b0                USBD_LL_Suspend
 .text.USBD_LL_Resume
                0x080107c4       0x10 ../../libDaisy//build\libdaisy.a(usbd_core.o)
                0x080107c4                USBD_LL_Resume
 .text.USBD_LL_SOF
                0x080107d4       0x1c ../../libDaisy//build\libdaisy.a(usbd_core.o)
                0x080107d4                USBD_LL_SOF
 .text.USBD_LL_IsoINIncomplete
                0x080107f0        0x4 ../../libDaisy//build\libdaisy.a(usbd_core.o)
                0x080107f0                USBD_LL_IsoINIncomplete
 .text.USBD_LL_IsoOUTIncomplete
                0x080107f4        0x4 ../../libDaisy//build\libdaisy.a(usbd_core.o)
                0x080107f4                USBD_LL_IsoOUTIncomplete
 .text.USBD_LL_DevConnected
                0x080107f8        0x4 ../../libDaisy//build\libdaisy.a(usbd_core.o)
                0x080107f8                USBD_LL_DevConnected
 .text.USBD_LL_DevDisconnected
                0x080107fc       0x18 ../../libDaisy//build\libdaisy.a(usbd_core.o)
                0x080107fc                USBD_LL_DevDisconnected
 .text.USBD_StdDevReq
                0x08010814      0x304 ../../libDaisy//build\libdaisy.a(usbd_ctlreq.o)
                0x08010814                USBD_StdDevReq
 .text.USBD_StdItfReq
                0x08010b18       0x68 ../../libDaisy//build\libdaisy.a(usbd_ctlreq.o)
                0x08010b18                USBD_StdItfReq
 .text.USBD_StdEPReq
                0x08010b80      0x13c ../../libDaisy//build\libdaisy.a(usbd_ctlreq.o)
                0x08010b80                USBD_StdEPReq
 .text.USBD_ParseSetupRequest
                0x08010cbc       0x28 ../../libDaisy//build\libdaisy.a(usbd_ctlreq.o)
                0x08010cbc                USBD_ParseSetupRequest
 .text.USBD_CtlSendData
                0x08010ce4       0x1c ../../libDaisy//build\libdaisy.a(usbd_ioreq.o)
                0x08010ce4                USBD_CtlSendData
 .text.USBD_CtlContinueSendData
                0x08010d00       0x14 ../../libDaisy//build\libdaisy.a(usbd_ioreq.o)
                0x08010d00                USBD_CtlContinueSendData
 .text.USBD_CtlContinueRx
                0x08010d14       0x14 ../../libDaisy//build\libdaisy.a(usbd_ioreq.o)
                0x08010d14                USBD_CtlContinueRx
 .text.USBD_CtlSendStatus
                0x08010d28       0x18 ../../libDaisy//build\libdaisy.a(usbd_ioreq.o)
                0x08010d28                USBD_CtlSendStatus
 .text.USBD_CtlReceiveStatus
                0x08010d40       0x18 ../../libDaisy//build\libdaisy.a(usbd_ioreq.o)
                0x08010d40                USBD_CtlReceiveStatus
 .text.USBH_LL_IncTimer
                0x08010d58       0x20 ../../libDaisy//build\libdaisy.a(usbh_core.o)
                0x08010d58                USBH_LL_IncTimer
 .text.USBH_LL_PortEnabled
                0x08010d78        0x8 ../../libDaisy//build\libdaisy.a(usbh_core.o)
                0x08010d78                USBH_LL_PortEnabled
 .text.USBH_LL_PortDisabled
                0x08010d80        0x8 ../../libDaisy//build\libdaisy.a(usbh_core.o)
                0x08010d80                USBH_LL_PortDisabled
 .text.USBH_LL_Connect
                0x08010d88       0x18 ../../libDaisy//build\libdaisy.a(usbh_core.o)
                0x08010d88                USBH_LL_Connect
 .text.USBH_LL_Disconnect
                0x08010da0       0x2c ../../libDaisy//build\libdaisy.a(usbh_core.o)
                0x08010da0                USBH_LL_Disconnect
 .text.USBH_FreePipe
                0x08010dcc       0x18 ../../libDaisy//build\libdaisy.a(usbh_pipes.o)
                0x08010dcc                USBH_FreePipe
 .text._ZN5daisy6Random4InitEv
                0x08010de4       0x3c ../../libDaisy//build\libdaisy.a(rng.o)
                0x08010de4                daisy::Random::Init()
 .text.HAL_TIM_Base_MspInit
                0x08010e20      0x1e0 ../../libDaisy//build\libdaisy.a(tim.o)
                0x08010e20                HAL_TIM_Base_MspInit
 .text.HAL_TIM_PeriodElapsedCallback
                0x08011000       0x44 ../../libDaisy//build\libdaisy.a(tim.o)
                0x08011000                HAL_TIM_PeriodElapsedCallback
 .text.TIM2_IRQHandler
                0x08011044        0xc ../../libDaisy//build\libdaisy.a(tim.o)
                0x08011044                TIM2_IRQHandler
 .text.TIM3_IRQHandler
                0x08011050        0xc ../../libDaisy//build\libdaisy.a(tim.o)
                0x08011050                TIM3_IRQHandler
 .text.TIM4_IRQHandler
                0x0801105c        0xc ../../libDaisy//build\libdaisy.a(tim.o)
                0x0801105c                TIM4_IRQHandler
 .text.TIM5_IRQHandler
                0x08011068        0xc ../../libDaisy//build\libdaisy.a(tim.o)
                0x08011068                TIM5_IRQHandler
 .text._ZN5daisy11TimerHandle4InitERKNS0_6ConfigE
                0x08011074       0xd0 ../../libDaisy//build\libdaisy.a(tim.o)
                0x08011074                daisy::TimerHandle::Init(daisy::TimerHandle::Config const&)
 .text._ZN5daisy11TimerHandle5StartEv
                0x08011144       0x24 ../../libDaisy//build\libdaisy.a(tim.o)
                0x08011144                daisy::TimerHandle::Start()
 .text.startup._GLOBAL__sub_I__ZN5daisy11TimerHandle4Impl4InitERKNS0_6ConfigE
                0x08011168       0x38 ../../libDaisy//build\libdaisy.a(tim.o)
 .text._ZL20UART_CheckRxListenerPN5daisy11UartHandler4ImplE
                0x080111a0       0x84 ../../libDaisy//build\libdaisy.a(uart.o)
 .text._ZN5daisy11UartHandler4Impl10StartDmaTxEPhjPFvPvEPFvS3_NS0_6ResultEES3_
                0x08011224      0x184 ../../libDaisy//build\libdaisy.a(uart.o)
                0x08011224                daisy::UartHandler::Impl::StartDmaTx(unsigned char*, unsigned int, void (*)(void*), void (*)(void*, daisy::UartHandler::Result), void*)
 .text._ZN5daisy11UartHandler4Impl10StartDmaRxEPhjPFvPvEPFvS3_NS0_6ResultEES3_
                0x080113a8      0x184 ../../libDaisy//build\libdaisy.a(uart.o)
                0x080113a8                daisy::UartHandler::Impl::StartDmaRx(unsigned char*, unsigned int, void (*)(void*), void (*)(void*, daisy::UartHandler::Result), void*)
 .text._ZN5daisy11UartHandler4Impl19DmaTransferFinishedEP20__UART_HandleTypeDefNS0_6ResultE
                0x0801152c       0xc0 ../../libDaisy//build\libdaisy.a(uart.o)
                0x0801152c                daisy::UartHandler::Impl::DmaTransferFinished(__UART_HandleTypeDef*, daisy::UartHandler::Result)
 .text._ZN5daisy11UartHandler4Impl8InitPinsEv
                0x080115ec      0x154 ../../libDaisy//build\libdaisy.a(uart.o)
                0x080115ec                daisy::UartHandler::Impl::InitPins()
 .text.HAL_UART_MspInit
                0x08011740      0x210 ../../libDaisy//build\libdaisy.a(uart.o)
                0x08011740                HAL_UART_MspInit
 .text.dsy_uart_global_init
                0x08011950      0x110 ../../libDaisy//build\libdaisy.a(uart.o)
                0x08011950                dsy_uart_global_init
 .text.USART1_IRQHandler
                0x08011a60       0x2c ../../libDaisy//build\libdaisy.a(uart.o)
                0x08011a60                USART1_IRQHandler
 .text.USART2_IRQHandler
                0x08011a8c       0x34 ../../libDaisy//build\libdaisy.a(uart.o)
                0x08011a8c                USART2_IRQHandler
 .text.USART3_IRQHandler
                0x08011ac0       0x34 ../../libDaisy//build\libdaisy.a(uart.o)
                0x08011ac0                USART3_IRQHandler
 .text.UART4_IRQHandler
                0x08011af4       0x34 ../../libDaisy//build\libdaisy.a(uart.o)
                0x08011af4                UART4_IRQHandler
 .text.UART5_IRQHandler
                0x08011b28       0x34 ../../libDaisy//build\libdaisy.a(uart.o)
                0x08011b28                UART5_IRQHandler
 .text.USART6_IRQHandler
                0x08011b5c       0x34 ../../libDaisy//build\libdaisy.a(uart.o)
                0x08011b5c                USART6_IRQHandler
 .text.UART7_IRQHandler
                0x08011b90       0x34 ../../libDaisy//build\libdaisy.a(uart.o)
                0x08011b90                UART7_IRQHandler
 .text.UART8_IRQHandler
                0x08011bc4       0x34 ../../libDaisy//build\libdaisy.a(uart.o)
                0x08011bc4                UART8_IRQHandler
 .text.LPUART1_IRQHandler
                0x08011bf8       0x34 ../../libDaisy//build\libdaisy.a(uart.o)
                0x08011bf8                LPUART1_IRQHandler
 .text.DMA1_Stream5_IRQHandler
                0x08011c2c       0x34 ../../libDaisy//build\libdaisy.a(uart.o)
                0x08011c2c                DMA1_Stream5_IRQHandler
 .text.DMA2_Stream4_IRQHandler
                0x08011c60       0x38 ../../libDaisy//build\libdaisy.a(uart.o)
                0x08011c60                DMA2_Stream4_IRQHandler
 .text.HAL_UART_TxCpltCallback
                0x08011c98        0x8 ../../libDaisy//build\libdaisy.a(uart.o)
                0x08011c98                HAL_UART_TxCpltCallback
 .text.HAL_UART_RxCpltCallback
                0x08011ca0       0x94 ../../libDaisy//build\libdaisy.a(uart.o)
                0x08011ca0                HAL_UART_RxCpltCallback
 .text.HAL_UART_RxHalfCpltCallback
                0x08011d34       0x90 ../../libDaisy//build\libdaisy.a(uart.o)
                0x08011d34                HAL_UART_RxHalfCpltCallback
 .text.HAL_UART_ErrorCallback
                0x08011dc4        0x8 ../../libDaisy//build\libdaisy.a(uart.o)
                0x08011dc4                HAL_UART_ErrorCallback
 .text.startup._GLOBAL__sub_I__Z19MapInstanceToHandleP13USART_TypeDef
                0x08011dcc      0x194 ../../libDaisy//build\libdaisy.a(uart.o)
 .text.dsy_dma_init
                0x08011f60      0x100 ../../libDaisy//build\libdaisy.a(dma.o)
                0x08011f60                dsy_dma_init
 .text.dsy_dma_invalidate_cache_for_buffer
                0x08012060       0x2c ../../libDaisy//build\libdaisy.a(dma.o)
                0x08012060                dsy_dma_invalidate_cache_for_buffer
 .text.HAL_MDMA_Abort_IT
                0x0801208c       0x2c ../../libDaisy//build\libdaisy.a(stm32h7xx_hal_mdma.o)
                0x0801208c                HAL_MDMA_Abort_IT
 .text.HAL_UART_Transmit_DMA
                0x080120b8       0xa4 ../../libDaisy//build\libdaisy.a(stm32h7xx_hal_uart.o)
                0x080120b8                HAL_UART_Transmit_DMA
 .text.HAL_UART_Receive_DMA
                0x0801215c       0xac ../../libDaisy//build\libdaisy.a(stm32h7xx_hal_uart.o)
                0x0801215c                HAL_UART_Receive_DMA
 .text.UART_DMATransmitCplt
                0x08012208       0x2c ../../libDaisy//build\libdaisy.a(stm32h7xx_hal_uart.o)
 .text.HAL_UART_TxHalfCpltCallback
                0x08012234        0x4 ../../libDaisy//build\libdaisy.a(stm32h7xx_hal_uart.o)
                0x08012234                HAL_UART_TxHalfCpltCallback
 .text.UART_DMATxHalfCplt
                0x08012238        0xc ../../libDaisy//build\libdaisy.a(stm32h7xx_hal_uart.o)
 .text.UART_DMAReceiveCplt
                0x08012244       0x38 ../../libDaisy//build\libdaisy.a(stm32h7xx_hal_uart.o)
 .text.UART_DMARxHalfCplt
                0x0801227c        0xc ../../libDaisy//build\libdaisy.a(stm32h7xx_hal_uart.o)
 .text.UART_DMAError
                0x08012288       0x78 ../../libDaisy//build\libdaisy.a(stm32h7xx_hal_uart.o)
 .text.HAL_UART_IRQHandler
                0x08012300      0x1d0 ../../libDaisy//build\libdaisy.a(stm32h7xx_hal_uart.o)
                0x08012300                HAL_UART_IRQHandler
 .text.UART_DMAAbortOnError
                0x080124d0       0x14 ../../libDaisy//build\libdaisy.a(stm32h7xx_hal_uart.o)
 .text.HAL_UART_GetState
                0x080124e4        0xc ../../libDaisy//build\libdaisy.a(stm32h7xx_hal_uart.o)
                0x080124e4                HAL_UART_GetState
 .text.UART_SetConfig
                0x080124f0     0x14b8 ../../libDaisy//build\libdaisy.a(stm32h7xx_hal_uart.o)
                0x080124f0                UART_SetConfig
 .text.UART_AdvFeatureConfig
                0x080139a8       0xb0 ../../libDaisy//build\libdaisy.a(stm32h7xx_hal_uart.o)
                0x080139a8                UART_AdvFeatureConfig
 .text.UART_CheckIdleState
                0x08013a58       0x84 ../../libDaisy//build\libdaisy.a(stm32h7xx_hal_uart.o)
                0x08013a58                UART_CheckIdleState
 .text.HAL_UART_Init
                0x08013adc       0x68 ../../libDaisy//build\libdaisy.a(stm32h7xx_hal_uart.o)
                0x08013adc                HAL_UART_Init
 .text.HAL_UARTEx_WakeupCallback
                0x08013b44        0x4 ../../libDaisy//build\libdaisy.a(stm32h7xx_hal_uart_ex.o)
                0x08013b44                HAL_UARTEx_WakeupCallback
 .text.HAL_UARTEx_RxFifoFullCallback
                0x08013b48        0x4 ../../libDaisy//build\libdaisy.a(stm32h7xx_hal_uart_ex.o)
                0x08013b48                HAL_UARTEx_RxFifoFullCallback
 .text.HAL_UARTEx_TxFifoEmptyCallback
                0x08013b4c        0x4 ../../libDaisy//build\libdaisy.a(stm32h7xx_hal_uart_ex.o)
                0x08013b4c                HAL_UARTEx_TxFifoEmptyCallback
 .text._ZN7daisysp9CrossFade7ProcessERfS1_
                0x08013b50       0xd4 ../../DaisySP//build\libdaisysp.a(crossfade.o)
                0x08013b50                daisysp::CrossFade::Process(float&, float&)
 .text.__aeabi_atexit
                0x08013c24        0xa c:/program files/daisytoolchain/bin/../lib/gcc/arm-none-eabi/10.2.1/../../../../arm-none-eabi/lib/thumb/v7e-m+dp/hard\libstdc++_nano.a(atexit_arm.o)
                0x08013c24                __aeabi_atexit
 .text._ZdlPvj  0x08013c2e        0x4 c:/program files/daisytoolchain/bin/../lib/gcc/arm-none-eabi/10.2.1/../../../../arm-none-eabi/lib/thumb/v7e-m+dp/hard\libstdc++_nano.a(del_ops.o)
                0x08013c2e                operator delete(void*, unsigned int)
 .text._ZdlPv   0x08013c32        0x4 c:/program files/daisytoolchain/bin/../lib/gcc/arm-none-eabi/10.2.1/../../../../arm-none-eabi/lib/thumb/v7e-m+dp/hard\libstdc++_nano.a(del_op.o)